 game

 Timestamp is 66a63bfb (Sun Jul 28 15:39:23 2024)

 Preferred load address is 0000000180000000

 Start         Length     Name                   Class
 0001:00000000 00000020H .text$di                CODE
 0001:00000020 0000be40H .text$mn                CODE
 0001:0000be60 00000040H .text$mn$00             CODE
 0001:0000bea0 00000122H .text$x                 CODE
 0002:00000000 000001d8H .idata$5                DATA
 0002:000001d8 00000028H .00cfg                  DATA
 0002:00000200 00000008H .CRT$XCA                DATA
 0002:00000208 00000008H .CRT$XCU                DATA
 0002:00000210 00000008H .CRT$XCZ                DATA
 0002:00000218 00000008H .CRT$XIA                DATA
 0002:00000220 00000008H .CRT$XIZ                DATA
 0002:00000228 00000008H .CRT$XPA                DATA
 0002:00000230 00000008H .CRT$XPZ                DATA
 0002:00000238 00000008H .CRT$XTA                DATA
 0002:00000240 00000010H .CRT$XTZ                DATA
 0002:00000248 00000000H .gehcont$y              DATA
 0002:00000248 00000000H .gfids$y                DATA
 0002:00000250 00001430H .rdata                  DATA
 0002:00001680 00000000H .rdata$CastGuardVftablesA DATA
 0002:00001680 00000000H .rdata$CastGuardVftablesC DATA
 0002:00001680 000000f8H .rdata$voltmd           DATA
 0002:00001778 000002b0H .rdata$zzzdbg           DATA
 0002:00001a28 00000008H .rtc$IAA                DATA
 0002:00001a30 00000008H .rtc$IZZ                DATA
 0002:00001a38 00000008H .rtc$TAA                DATA
 0002:00001a40 00000008H .rtc$TZZ                DATA
 0002:00001a48 00000ad8H .xdata                  DATA
 0002:00002520 00000054H .edata                  DATA
 0002:00002574 0000008cH .idata$2                DATA
 0002:00002600 00000018H .idata$3                DATA
 0002:00002618 000001d8H .idata$4                DATA
 0002:000027f0 00000486H .idata$6                DATA
 0003:00000000 000000a0H .data                   DATA
 0003:000000a0 00020770H .bss                    DATA
 0004:00000000 00000d5cH .pdata                  DATA

  Address         Publics by Value              Rva+Base               Lib:Object

 0000:00000000       __guard_fids_count         0000000000000000     <absolute>
 0000:00000000       __hybrid_auxiliary_iat_copy 0000000000000000     <absolute>
 0000:00000000       __hybrid_auxiliary_iat     0000000000000000     <absolute>
 0000:00000000       __hybrid_code_map          0000000000000000     <absolute>
 0000:00000000       __AbsoluteZero             0000000000000000     <absolute>
 0000:00000000       __arm64x_extra_rfe_table_size 0000000000000000     <absolute>
 0000:00000000       __arm64x_redirection_metadata 0000000000000000     <absolute>
 0000:00000000       __x64_code_ranges_to_entry_points 0000000000000000     <absolute>
 0000:00000000       ___safe_se_handler_count   0000000000000000     <absolute>
 0000:00000000       __dynamic_value_reloc_table 0000000000000000     <absolute>
 0000:00000000       __guard_check_icall_a64n_fptr 0000000000000000     <absolute>
 0000:00000000       __guard_longjmp_table      0000000000000000     <absolute>
 0000:00000000       __guard_longjmp_count      0000000000000000     <absolute>
 0000:00000000       __guard_fids_table         0000000000000000     <absolute>
 0000:00000000       __guard_iat_count          0000000000000000     <absolute>
 0000:00000000       __arm64x_extra_rfe_table   0000000000000000     <absolute>
 0000:00000000       __hybrid_code_map_count    0000000000000000     <absolute>
 0000:00000000       ___safe_se_handler_table   0000000000000000     <absolute>
 0000:00000000       __guard_eh_cont_count      0000000000000000     <absolute>
 0000:00000000       __x64_code_ranges_to_entry_points_count 0000000000000000     <absolute>
 0000:00000000       __arm64x_redirection_metadata_count 0000000000000000     <absolute>
 0000:00000000       __enclave_config           0000000000000000     <absolute>
 0000:00000000       __guard_iat_table          0000000000000000     <absolute>
 0000:00000000       __guard_eh_cont_table      0000000000000000     <absolute>
 0000:00000000       __arm64x_native_entrypoint 0000000000000000     <absolute>
 0000:00000100       __guard_flags              0000000000000100     <absolute>
 0000:00000000       __ImageBase                0000000180000000     <linker-defined>
 0001:00000020       ?u64_to_char_ptr@@YAH_KPEAD@Z 0000000180001020 f   game.obj
 0001:00000120       ?s64_to_char_ptr@@YAH_JPEAD@Z 0000000180001120 f   game.obj
 0001:00000180       ?s32_to_char_ptr@@YAHHPEAD@Z 0000000180001180 f   game.obj
 0001:000001b0       ?u32_to_char_ptr@@YAHIPEAD@Z 00000001800011b0 f   game.obj
 0001:000001e0       ?u16_to_char_ptr@@YAHGPEAD@Z 00000001800011e0 f   game.obj
 0001:00000210       ?u8_to_char_ptr@@YAHEPEAD@Z 0000000180001210 f   game.obj
 0001:00000240       ?s16_to_char_ptr@@YAHFPEAD@Z 0000000180001240 f   game.obj
 0001:00000270       ?s8_to_char_ptr@@YAHCPEAD@Z 0000000180001270 f   game.obj
 0001:000002a0       ?vec2_wedge@@YAMUvec2@@0@Z 00000001800012a0 f   game.obj
 0001:000002d0       ?printsl_custom@@YAXUbivec@@@Z 00000001800012d0 f   game.obj
 0001:00000310       ?printsl_custom@@YAXUtrivec@@@Z 0000000180001310 f   game.obj
 0001:00000340       ?vec3_wedge@@YA?AUbivec@@Uvec3@@0@Z 0000000180001340 f   game.obj
 0001:00000440       ?bivec_dual@@YA?AUvec3@@Ubivec@@@Z 0000000180001440 f   game.obj
 0001:000004c0       ?bivec_dual@@YA?AUbivec@@Uvec3@@@Z 00000001800014c0 f   game.obj
 0001:00000550       ?printsl_custom@@YAXUrotor@@@Z 0000000180001550 f   game.obj
 0001:000005a0       ?rotor_from_to@@YA?AUrotor@@Uvec3@@0@Z 00000001800015a0 f   game.obj
 0001:000009f0       ?rotor_from_axis_angle@@YA?AUrotor@@Uvec3@@M@Z 00000001800019f0 f   game.obj
 0001:00000c00       ?rotor_from_turns@@YA?AUrotor@@Ubivec@@@Z 0000000180001c00 f   game.obj
 0001:00000e00       ?rotor_combine@@YA?AUrotor@@U1@0@Z 0000000180001e00 f   game.obj
 0001:00001000       ?rotor_reverse@@YA?AUrotor@@U1@@Z 0000000180002000 f   game.obj
 0001:00001080       ?vec3_rotate@@YA?AUvec3@@U1@Urotor@@@Z 0000000180002080 f   game.obj
 0001:000013d0       ?make_matrix_from_rotor@@YA?AUmat4@@Urotor@@@Z 00000001800023d0 f   game.obj
 0001:00001680       ?to_string@@YAPEBDW4AllocOp@@@Z 0000000180002680 f   game.obj
 0001:00001720       ?printsl_custom@@YAXW4AllocOp@@@Z 0000000180002720 f   game.obj
 0001:00001760       ?printsl_custom@@YAXUBump@@@Z 0000000180002760 f   game.obj
 0001:00001830       ?bump_reset@@YAXPEAUBump@@@Z 0000000180002830 f   game.obj
 0001:00001940       ?bump_handle@@YAPEAXW4AllocOp@@PEAXHH1@Z 0000000180002940 f   game.obj
 0001:00001d40       ?make_bump_allocator@@YA?AUBump@@PEAXH@Z 0000000180002d40 f   game.obj
 0001:00001de0       ?make_bump_allocator@@YA?AUBump@@H@Z 0000000180002de0 f   game.obj
 0001:00001e90       ?mem_free_all@@YAXPEAUBump@@@Z 0000000180002e90 f   game.obj
 0001:00001ed0       ?mem_alloc@@YAPEAXPEAUBump@@H@Z 0000000180002ed0 f   game.obj
 0001:00001f10       ?printsl_custom@@YAXUArena@@@Z 0000000180002f10 f   game.obj
 0001:00001fe0       ?arena_reset@@YAXPEAUArena@@@Z 0000000180002fe0 f   game.obj
 0001:00002010       ?arena_get_header_before_data@@YAPEAUArenaHeader@@PEAX@Z 0000000180003010 f   game.obj
 0001:00002050       ?arena_prepare_new_memory_block@@YAPEAXPEAUArena@@HPEAUArenaHeader@@@Z 0000000180003050 f   game.obj
 0001:000020d0       ?arena_handle@@YAPEAXW4AllocOp@@PEAXHH1@Z 00000001800030d0 f   game.obj
 0001:000023f0       ?make_arena_allocator@@YA?AUArena@@H@Z 00000001800033f0 f   game.obj
 0001:000024a0       ?mem_free_all@@YAXPEAUArena@@@Z 00000001800034a0 f   game.obj
 0001:000024e0       ?mem_alloc@@YAPEAXPEAUArena@@H@Z 00000001800034e0 f   game.obj
 0001:00002520       ?mem_realloc@@YAPEAXPEAUArena@@PEAXH@Z 0000000180003520 f   game.obj
 0001:00002560       ?mem_realloc@@YAPEAXPEAUArena@@PEAXHH@Z 0000000180003560 f   game.obj
 0001:000025b0       ?printsl_custom@@YAXUAllocator@@@Z 00000001800035b0 f   game.obj
 0001:00002620       ?make_allocator@@YA?AUAllocator@@PEAUBump@@@Z 0000000180003620 f   game.obj
 0001:00002680       ?make_allocator@@YA?AUAllocator@@PEAUArena@@@Z 0000000180003680 f   game.obj
 0001:000026e0       ?default_handle@@YAPEAXW4AllocOp@@PEAXHH1@Z 00000001800036e0 f   game.obj
 0001:00002770       ?mem_alloc@@YAPEAXUAllocator@@H@Z 0000000180003770 f   game.obj
 0001:000027c0       ?mem_realloc@@YAPEAXUAllocator@@HHPEAX@Z 00000001800037c0 f   game.obj
 0001:00002820       ?mem_free@@YAPEAXUAllocator@@PEAX@Z 0000000180003820 f   game.obj
 0001:00002870       ?unicode_utf8_to_size@@YACE@Z 0000000180003870 f   game.obj
 0001:000028b0       ?unicode_codepoint_to_size@@YACI@Z 00000001800038b0 f   game.obj
 0001:000028f0       ?unicode_codepoint_to_utf8@@YAII@Z 00000001800038f0 f   game.obj
 0001:000029b0       ?unicode_is_header@@YA_NE@Z 00000001800039b0 f   game.obj
 0001:000029f0       ?unicode_utf8_to_codepoint@@YAIPEAE@Z 00000001800039f0 f   game.obj
 0001:00002ac0       ?c_string_length@@YAHPEBD@Z 0000000180003ac0 f   game.obj
 0001:00002b10       ?str_to_c_string@@YAPEBDUstr@@UAllocator@@@Z 0000000180003b10 f   game.obj
 0001:00002bf0       ?str_to_c_string@@YAPEBDUstr@@@Z 0000000180003bf0 f   game.obj
 0001:00002c50       ?str_concat@@YA?AUstr@@U1@0UAllocator@@@Z 0000000180003c50 f   game.obj
 0001:00002d30       ?str_concat@@YA?AUstr@@U1@0@Z 0000000180003d30 f   game.obj
 0001:00002dc0       ?str_copy@@YA?AUstr@@U1@UAllocator@@@Z 0000000180003dc0 f   game.obj
 0001:00002e50       ?str_copy@@YA?AUstr@@U1@@Z 0000000180003e50 f   game.obj
 0001:00002ec0       ?str_split_left@@YA_NUstr@@EPEAU1@1@Z 0000000180003ec0 f   game.obj
 0001:00002fa0       ?str_split_left@@YA_NUstr@@0PEAU1@1@Z 0000000180003fa0 f   game.obj
 0001:000031c0       ?str_split_newline_left@@YA_NUstr@@PEAU1@1@Z 00000001800041c0 f   game.obj
 0001:000032e0       ?str_split_right@@YA_NUstr@@EPEAU1@1@Z 00000001800042e0 f   game.obj
 0001:000033c0       ?str_trim_left_inplace@@YAXPEAUstr@@@Z 00000001800043c0 f   game.obj
 0001:00003440       ?str_trim_right_inplace@@YAXPEAUstr@@@Z 0000000180004440 f   game.obj
 0001:000034c0       ?str_trim_inplace@@YAXPEAUstr@@@Z 00000001800044c0 f   game.obj
 0001:000034f0       ?str_trim_left@@YA?AUstr@@U1@@Z 00000001800044f0 f   game.obj
 0001:000035b0       ?str_trim_right@@YA?AUstr@@U1@@Z 00000001800045b0 f   game.obj
 0001:00003660       ?str_trim@@YA?AUstr@@U1@@Z 0000000180004660 f   game.obj
 0001:000036f0       ?str_to_u32@@YA_NUstr@@PEAI@Z 00000001800046f0 f   game.obj
 0001:00003780       ?str_to_u32@@YAIUstr@@@Z   0000000180004780 f   game.obj
 0001:000037f0       ?str_starts_with@@YA_NUstr@@D@Z 00000001800047f0 f   game.obj
 0001:00003850       ?str_starts_with@@YA_NUstr@@0@Z 0000000180004850 f   game.obj
 0001:000038e0       ?str_ends_with@@YA_NUstr@@D@Z 00000001800048e0 f   game.obj
 0001:00003940       ?str_ends_with@@YA_NUstr@@0@Z 0000000180004940 f   game.obj
 0001:000039f0       ?str_count@@YAHUstr@@D@Z   00000001800049f0 f   game.obj
 0001:00003aa0       ?str_length_in_char@@YAIUstr@@@Z 0000000180004aa0 f   game.obj
 0001:00003b80       ?str_is_u32@@YA_NUstr@@@Z  0000000180004b80 f   game.obj
 0001:00003c00       ?str_matches@@YA_NUstr@@0@Z 0000000180004c00 f   game.obj
 0001:00003ca0       ?make_str_builder@@YA?AUStrBuilder@@HUAllocator@@@Z 0000000180004ca0 f   game.obj
 0001:00003d60       ?make_str_builder@@YA?AUStrBuilder@@XZ 0000000180004d60 f   game.obj
 0001:00003de0       ?make_str_builder@@YA?AUStrBuilder@@H@Z 0000000180004de0 f   game.obj
 0001:00003e60       ?str_builder_free@@YAXPEAUStrBuilder@@@Z 0000000180004e60 f   game.obj
 0001:00003ec0       ?str_builder_clear@@YAXPEAUStrBuilder@@@Z 0000000180004ec0 f   game.obj
 0001:00003ee0       ?str_builder_copy@@YA?AUStrBuilder@@PEAU1@@Z 0000000180004ee0 f   game.obj
 0001:00003f70       ?str_builder_get_str@@YA?AUstr@@PEAUStrBuilder@@@Z 0000000180004f70 f   game.obj
 0001:00003fd0       ?str_builder_resize@@YAXPEAUStrBuilder@@H@Z 0000000180004fd0 f   game.obj
 0001:00004110       ?str_builder_reserve@@YAXPEAUStrBuilder@@H@Z 0000000180005110 f   game.obj
 0001:00004160       ?str_builder_append@@YAXPEAUStrBuilder@@Ustr@@@Z 0000000180005160 f   game.obj
 0001:00004250       ?str_builder_append@@YAXPEAUStrBuilder@@PEBD@Z 0000000180005250 f   game.obj
 0001:000042b0       ?str_builder_append@@YAXPEAUStrBuilder@@_N@Z 00000001800052b0 f   game.obj
 0001:00004330       ?str_builder_append@@YAXPEAUStrBuilder@@D@Z 0000000180005330 f   game.obj
 0001:00004390       ?str_builder_append@@YAXPEAUStrBuilder@@E@Z 0000000180005390 f   game.obj
 0001:00004400       ?str_builder_append@@YAXPEAUStrBuilder@@G@Z 0000000180005400 f   game.obj
 0001:00004490       ?str_builder_append@@YAXPEAUStrBuilder@@I@Z 0000000180005490 f   game.obj
 0001:00004520       ?str_builder_append@@YAXPEAUStrBuilder@@_K@Z 0000000180005520 f   game.obj
 0001:000045b0       ?str_builder_append@@YAXPEAUStrBuilder@@C@Z 00000001800055b0 f   game.obj
 0001:00004640       ?str_builder_append@@YAXPEAUStrBuilder@@F@Z 0000000180005640 f   game.obj
 0001:000046d0       ?str_builder_append@@YAXPEAUStrBuilder@@H@Z 00000001800056d0 f   game.obj
 0001:00004760       ?str_builder_append@@YAXPEAUStrBuilder@@_J@Z 0000000180005760 f   game.obj
 0001:000047f0       ?str_builder_append@@YAXPEAUStrBuilder@@M@Z 00000001800057f0 f   game.obj
 0001:00004890       ?str_builder_append@@YAXPEAUStrBuilder@@N@Z 0000000180005890 f   game.obj
 0001:00004930       ?str_builder_append_hex@@YAXPEAUStrBuilder@@I@Z 0000000180005930 f   game.obj
 0001:000049c0       ?str_builder_append@@YAXPEAUStrBuilder@@Uvec2@@@Z 00000001800059c0 f   game.obj
 0001:00004a20       ?str_builder_append@@YAXPEAUStrBuilder@@Uvec3@@@Z 0000000180005a20 f   game.obj
 0001:00004ab0       ?str_builder_append@@YAXPEAUStrBuilder@@Uvec4@@@Z 0000000180005ab0 f   game.obj
 0001:00004b60       ?str_builder_append_raw@@YAXPEAUStrBuilder@@PEAEH@Z 0000000180005b60 f   game.obj
 0001:00004c50       ?str_builder_append_raw@@YAXPEAUStrBuilder@@E@Z 0000000180005c50 f   game.obj
 0001:00004d00       ?str_builder_append_raw@@YAXPEAUStrBuilder@@_N@Z 0000000180005d00 f   game.obj
 0001:00004d30       ?str_builder_append_raw@@YAXPEAUStrBuilder@@_K@Z 0000000180005d30 f   game.obj
 0001:00004d60       ?str_builder_append_raw@@YAXPEAUStrBuilder@@I@Z 0000000180005d60 f   game.obj
 0001:00004d90       ?str_builder_append_raw@@YAXPEAUStrBuilder@@G@Z 0000000180005d90 f   game.obj
 0001:00004dc0       ?str_builder_append_raw@@YAXPEAUStrBuilder@@_J@Z 0000000180005dc0 f   game.obj
 0001:00004df0       ?str_builder_append_raw@@YAXPEAUStrBuilder@@H@Z 0000000180005df0 f   game.obj
 0001:00004e20       ?str_builder_append_raw@@YAXPEAUStrBuilder@@F@Z 0000000180005e20 f   game.obj
 0001:00004e50       ?str_builder_append_raw@@YAXPEAUStrBuilder@@M@Z 0000000180005e50 f   game.obj
 0001:00004e80       ?str_builder_append_raw@@YAXPEAUStrBuilder@@N@Z 0000000180005e80 f   game.obj
 0001:00004eb0       ?str_builder_append_raw@@YAXPEAUStrBuilder@@Uvec2@@@Z 0000000180005eb0 f   game.obj
 0001:00004ef0       ?str_builder_append_raw@@YAXPEAUStrBuilder@@Uvec3@@@Z 0000000180005ef0 f   game.obj
 0001:00004f50       ?str_builder_append_raw@@YAXPEAUStrBuilder@@Uvec4@@@Z 0000000180005f50 f   game.obj
 0001:00004fc0       ?str_builder_remove_last_bytes@@YAXPEAUStrBuilder@@H@Z 0000000180005fc0 f   game.obj
 0001:00004ff0       ?make_str_parser@@YA?AUStrParser@@Ustr@@@Z 0000000180005ff0 f   game.obj
 0001:00005050       ?make_str_parser@@YA?AUStrParser@@PEAEH@Z 0000000180006050 f   game.obj
 0001:000050b0       ?copy_str_parser@@YA?AUStrParser@@U1@@Z 00000001800060b0 f   game.obj
 0001:00005110       ?str_parser_to_str@@YA?AUstr@@UStrParser@@@Z 0000000180006110 f   game.obj
 0001:00005170       ?str_parser_is_empty@@YA_NPEAUStrParser@@@Z 0000000180006170 f   game.obj
 0001:000051b0       ?str_parser_advance@@YAXPEAUStrParser@@H@Z 00000001800061b0 f   game.obj
 0001:00005270       ?str_parser_starts_with@@YA_NPEAUStrParser@@Ustr@@@Z 0000000180006270 f   game.obj
 0001:00005310       ?str_parser_check_magic@@YA_NPEAUStrParser@@Ustr@@@Z 0000000180006310 f   game.obj
 0001:000053c0       ?str_parser_starts_with_digit@@YA_NPEAUStrParser@@@Z 00000001800063c0 f   game.obj
 0001:00005420       ?str_parser_parse_bool@@YA_NPEAUStrParser@@PEA_N@Z 0000000180006420 f   game.obj
 0001:000055f0       ?str_parser_parse_u8@@YA_NPEAUStrParser@@PEAE@Z 00000001800065f0 f   game.obj
 0001:000056a0       ?str_parser_parse_u16@@YA_NPEAUStrParser@@PEAG@Z 00000001800066a0 f   game.obj
 0001:00005750       ?str_parser_parse_u32@@YA_NPEAUStrParser@@PEAI@Z 0000000180006750 f   game.obj
 0001:00005800       ?str_parser_parse_u64@@YA_NPEAUStrParser@@PEA_K@Z 0000000180006800 f   game.obj
 0001:000058b0       ?hash_default@@YA_KPEAEH@Z 00000001800068b0 f   game.obj
 0001:00005970       ?estimate_cpu_frequency@@YA_KH@Z 0000000180006970 f   game.obj
 0001:00005a40       ?begin_profile@@YAXXZ      0000000180006a40 f   game.obj
 0001:00005a60       ?pad_right@@YAXH@Z         0000000180006a60 f   game.obj
 0001:00005aa0       ?end_and_print_profile@@YAXXZ 0000000180006aa0 f   game.obj
 0001:00005ee0       ?print_benchmark_time@@YAX_K@Z 0000000180006ee0 f   game.obj
 0001:00006030       ?print_benchmark_times@@YAX_K00@Z 0000000180007030 f   game.obj
 0001:00006310       ?win64_print_error@@YAXXZ  0000000180007310 f   game.obj
 0001:00006390       ?win64_alloc@@YAPEAXH@Z    0000000180007390 f   game.obj
 0001:000063c0       ?win64_free@@YAXPEAX@Z     00000001800073c0 f   game.obj
 0001:000063f0       ?get_only_files_in_dir@@YA_NUstr@@PEAU?$Array@Ustr@@@@@Z 00000001800073f0 f   game.obj
 0001:00006a50       ?get_only_folders_in_dir@@YA_NUstr@@PEAU?$Array@Ustr@@@@@Z 0000000180007a50 f   game.obj
 0001:00007210       ?get_drive_names@@YA_NPEAU?$Array@Ustr@@@@@Z 0000000180008210 f   game.obj
 0001:000073d0       ?game_update_stub@@YAXPEAIPEAUBump@@PEAUInput@@PEAUPlatform@@N@Z 00000001800083d0 f   game.obj
 0001:000073f0       ?draw_pixel@@YAXPEAIUvec2@@I@Z 00000001800083f0 f   game.obj
 0001:00007470       ?draw_quad@@YAXPEAIUvec2@@1I@Z 0000000180008470 f   game.obj
 0001:00007520       ?swap@@YAXAEAM0@Z          0000000180008520 f   game.obj
 0001:00007570       ?draw_line@@YAXPEAIUvec2@@1I@Z 0000000180008570 f   game.obj
 0001:000077f0       ?init_game@@YAXXZ          00000001800087f0 f   game.obj
 0001:00007850       ?get_texure_pixel@@YAIPEAUTexture@@II@Z 0000000180008850 f   game.obj
 0001:00007920       game_update_and_render     0000000180008920 f   game.obj
 0001:00007e00       ??$?0HH@vec2@@QEAA@HH@Z    0000000180008e00 f i game.obj
 0001:00007e40       ??$?0HHH@vec3@@QEAA@HHH@Z  0000000180008e40 f i game.obj
 0001:00007e90       ??$?0HHHH@col@@QEAA@HHHH@Z 0000000180008e90 f i game.obj
 0001:00007ef0       ??$?0HHMM@col@@QEAA@HHMM@Z 0000000180008ef0 f i game.obj
 0001:00007f50       ??$?0MMM@vec3@@QEAA@MMM@Z  0000000180008f50 f i game.obj
 0001:00007fa0       ??$?0MMMM@col@@QEAA@MMMM@Z 0000000180008fa0 f i game.obj
 0001:00008180       ??$accumulate_into_buffer@H$$V@@YAXPEBDH@Z 0000000180009180 f i game.obj
 0001:00008260       ??$accumulate_into_buffer@HH@@YAXPEBDHH@Z 0000000180009260 f i game.obj
 0001:00008350       ??$accumulate_into_buffer@HHH@@YAXPEBDHHH@Z 0000000180009350 f i game.obj
 0001:00008440       ??$accumulate_into_buffer@HM@@YAXPEBDHM@Z 0000000180009440 f i game.obj
 0001:00008530       ??$accumulate_into_buffer@HMHM@@YAXPEBDHMHM@Z 0000000180009530 f i game.obj
 0001:00008630       ??$accumulate_into_buffer@M$$V@@YAXPEBDM@Z 0000000180009630 f i game.obj
 0001:00008710       ??$accumulate_into_buffer@MHM@@YAXPEBDMHM@Z 0000000180009710 f i game.obj
 0001:00008810       ??$accumulate_into_buffer@MM@@YAXPEBDMM@Z 0000000180009810 f i game.obj
 0001:00008900       ??$accumulate_into_buffer@MMM@@YAXPEBDMMM@Z 0000000180009900 f i game.obj
 0001:00008a00       ??$accumulate_into_buffer@MMMM@@YAXPEBDMMMM@Z 0000000180009a00 f i game.obj
 0001:00008b00       ??$accumulate_into_buffer@N$$V@@YAXPEBDN@Z 0000000180009b00 f i game.obj
 0001:00008be0       ??$accumulate_into_buffer@NN@@YAXPEBDNN@Z 0000000180009be0 f i game.obj
 0001:00008cd0       ??$accumulate_into_buffer@NNN@@YAXPEBDNNN@Z 0000000180009cd0 f i game.obj
 0001:00008dd0       ??$accumulate_into_buffer@PEBD$$V@@YAXPEBD0@Z 0000000180009dd0 f i game.obj
 0001:00008eb0       ??$accumulate_into_buffer@PEBDPEBD@@YAXPEBD00@Z 0000000180009eb0 f i game.obj
 0001:00008fa0       ??$accumulate_into_buffer@Uvec3@@$$V@@YAXPEBDUvec3@@@Z 0000000180009fa0 f i game.obj
 0001:000090a0       ??$accumulate_into_buffer@Uvec3@@U1@@@YAXPEBDUvec3@@1@Z 000000018000a0a0 f i game.obj
 0001:000091c0       ??$array_append@Ustr@@@@YAXPEAU?$Array@Ustr@@@@Ustr@@@Z 000000018000a1c0 f i game.obj
 0001:00009220       ??$array_reserve@Ustr@@@@YAXPEAU?$Array@Ustr@@@@H@Z 000000018000a220 f i game.obj
 0001:00009320       ??$array_resize@Ustr@@@@YAXPEAU?$Array@Ustr@@@@H@Z 000000018000a320 f i game.obj
 0001:00009410       ??$assert_func@$$V@@YA_N_NPEBD1H11@Z 000000018000a410 f i game.obj
 0001:000094b0       ??$assert_func@H@@YA_N_NPEBD1H11H@Z 000000018000a4b0 f i game.obj
 0001:00009550       ??$assert_func@HH@@YA_N_NPEBD1H11HH@Z 000000018000a550 f i game.obj
 0001:000095f0       ??$assert_func@HHH@@YA_N_NPEBD1H11HHH@Z 000000018000a5f0 f i game.obj
 0001:000096a0       ??$assert_func@M@@YA_N_NPEBD1H11M@Z 000000018000a6a0 f i game.obj
 0001:00009740       ??$assert_func@Uvec3@@U1@@@YA_N_NPEBD1H11Uvec3@@2@Z 000000018000a740 f i game.obj
 0001:00009820       ??$print@H$$V@@YAXPEBDH@Z  000000018000a820 f i game.obj
 0001:00009850       ??$print@HH@@YAXPEBDHH@Z   000000018000a850 f i game.obj
 0001:00009890       ??$print@HHH@@YAXPEBDHHH@Z 000000018000a890 f i game.obj
 0001:000098d0       ??$print@M$$V@@YAXPEBDM@Z  000000018000a8d0 f i game.obj
 0001:00009900       ??$print@N$$V@@YAXPEBDN@Z  000000018000a900 f i game.obj
 0001:00009930       ??$print@NNN@@YAXPEBDNNN@Z 000000018000a930 f i game.obj
 0001:00009980       ??$print@PEBD$$V@@YAXPEBD0@Z 000000018000a980 f i game.obj
 0001:000099b0       ??$print@PEBD@@YAXPEBD@Z   000000018000a9b0 f i game.obj
 0001:000099e0       ??$print@Uvec3@@U1@@@YAXPEBDUvec3@@1@Z 000000018000a9e0 f i game.obj
 0001:00009a50       ??$printsl@HMHM@@YAXPEBDHMHM@Z 000000018000aa50 f i game.obj
 0001:00009aa0       ??$printsl@M$$V@@YAXPEBDM@Z 000000018000aaa0 f i game.obj
 0001:00009ad0       ??$printsl@MMM@@YAXPEBDMMM@Z 000000018000aad0 f i game.obj
 0001:00009b20       ??$printsl@MMMM@@YAXPEBDMMMM@Z 000000018000ab20 f i game.obj
 0001:00009b70       ??$printsl@PEBD@@YAXPEBD@Z 000000018000ab70 f i game.obj
 0001:00009b90       ??$printsl@PEBDPEBD@@YAXPEBD00@Z 000000018000ab90 f i game.obj
 0001:00009bd0       ??$str_parser_get@D@@YADPEAUStrParser@@@Z 000000018000abd0 f i game.obj
 0001:00009c10       ??0Allocator@@QEAA@XZ      000000018000ac10 f i game.obj
 0001:00009c40       ??0Arena@@QEAA@XZ          000000018000ac40 f i game.obj
 0001:00009c80       ??0StrBuilder@@QEAA@XZ     000000018000ac80 f i game.obj
 0001:00009cb0       ??0rotor@@QEAA@XZ          000000018000acb0 f i game.obj
 0001:00009cd0       ??0str@@QEAA@PEBD@Z        000000018000acd0 f i game.obj
 0001:00009d10       ??Astr@@QEAAAEAEH@Z        000000018000ad10 f i game.obj
 0001:00009db0       ??H@YA?AUvec3@@U0@0@Z      000000018000adb0 f i game.obj
 0001:00009e20       ??K@YA?AUbivec@@U0@M@Z     000000018000ae20 f i game.obj
 0001:00009ec0       ??X@YAAEAUbivec@@AEAU0@M@Z 000000018000aec0 f i game.obj
 0001:00009f20       ?__sqrt@@YAMM@Z            000000018000af20 f i game.obj
 0001:00009f70       ?_sin_internal@@YAMM@Z     000000018000af70 f i game.obj
 0001:00009fd0       ?accumulate_into_buffer@@YAXPEBD@Z 000000018000afd0 f i game.obj
 0001:0000a090       ?atan@@YAMM@Z              000000018000b090 f i game.obj
 0001:0000a0b0       ?col_denormalize@@YA?AUcol@@U1@@Z 000000018000b0b0 f i game.obj
 0001:0000a100       ?col_normalize@@YA?AUcol@@U1@@Z 000000018000b100 f i game.obj
 0001:0000a150       ?col_rgb_to_hsv@@YA?AUcol@@U1@@Z 000000018000b150 f i game.obj
 0001:0000a450       ?color_hsv_to_rgb@@YA?AUcol@@U1@@Z 000000018000b450 f i game.obj
 0001:0000a740       ?color_lerp_hsv@@YA?AUcol@@U1@0M@Z 000000018000b740 f i game.obj
 0001:0000a8d0       ?cos_turns@@YAMM@Z         000000018000b8d0 f i game.obj
 0001:0000a900       ?count_digits@@YAE_K@Z     000000018000b900 f i game.obj
 0001:0000a940       ?flush_to_stdout@@YAXXZ    000000018000b940 f i game.obj
 0001:0000a990       ?printsl_custom@@YAXD@Z    000000018000b990 f i game.obj
 0001:0000a9c0       ?printsl_custom@@YAXH@Z    000000018000b9c0 f i game.obj
 0001:0000aa10       ?printsl_custom@@YAXM@Z    000000018000ba10 f i game.obj
 0001:0000aa80       ?printsl_custom@@YAXN@Z    000000018000ba80 f i game.obj
 0001:0000aaf0       ?printsl_custom@@YAXPEBD@Z 000000018000baf0 f i game.obj
 0001:0000ab60       ?printsl_custom@@YAXUvec3@@@Z 000000018000bb60 f i game.obj
 0001:0000abf0       ?read_cpu_timer@@YA_KXZ    000000018000bbf0 f i game.obj
 0001:0000ac00       ?sin@@YAMM@Z               000000018000bc00 f i game.obj
 0001:0000ac20       ?sin_turns@@YAMM@Z         000000018000bc20 f i game.obj
 0001:0000acb0       ?tan@@YAMM@Z               000000018000bcb0 f i game.obj
 0001:0000acd0       ?vec3_dot@@YAMUvec3@@0@Z   000000018000bcd0 f i game.obj
 0001:0000ad20       ?vec3_length@@YAMUvec3@@@Z 000000018000bd20 f i game.obj
 0001:0000ad60       ?vec3_length_squared@@YAMUvec3@@@Z 000000018000bd60 f i game.obj
 0001:0000adb0       ?vec3_normalize@@YA?AUvec3@@U1@0M@Z 000000018000bdb0 f i game.obj
 0001:0000ae70       __local_stdio_printf_options 000000018000be70 f i game.obj
 0001:0000ae80       _vfprintf_l                000000018000be80 f i game.obj
 0001:0000aed0       printf                     000000018000bed0 f i game.obj
 0001:0000af40       snprintf                   000000018000bf40 f i game.obj
 0001:0000afa0       vsnprintf                  000000018000bfa0 f i game.obj
 0001:0000b018       __GSHandlerCheck           000000018000c018 f   MSVCRT:gshandler.obj
 0001:0000b038       __GSHandlerCheckCommon     000000018000c038 f   MSVCRT:gshandler.obj
 0001:0000b094       __GSHandlerCheck_EH4       000000018000c094 f   MSVCRT:gshandlereh4.obj
 0001:0000b130       __security_check_cookie    000000018000c130 f   MSVCRT:amdsecgs.obj
 0001:0000b470       _DllMainCRTStartup         000000018000c470 f   MSVCRT:dll_dllmain.obj
 0001:0000b4b0       __raise_securityfailure    000000018000c4b0 f   MSVCRT:gs_report.obj
 0001:0000b4e4       __report_gsfailure         000000018000c4e4 f   MSVCRT:gs_report.obj
 0001:0000b62c       __security_init_cookie     000000018000c62c f   MSVCRT:gs_support.obj
 0001:0000b6d8       DllMain                    000000018000c6d8 f   MSVCRT:dll_dllmain_stub.obj
 0001:0000b6fc       ?__scrt_initialize_type_info@@YAXXZ 000000018000c6fc f   MSVCRT:tncleanup.obj
 0001:0000b70c       ?__scrt_uninitialize_type_info@@YAXXZ 000000018000c70c f   MSVCRT:tncleanup.obj
 0001:0000b718       __local_stdio_scanf_options 000000018000c718 f i MSVCRT:default_local_stdio_options.obj
 0001:0000b720       __scrt_initialize_default_local_stdio_options 000000018000c720 f   MSVCRT:default_local_stdio_options.obj
 0001:0000b73c       __scrt_acquire_startup_lock 000000018000c73c f   MSVCRT:utility.obj
 0001:0000b778       __scrt_dllmain_after_initialize_c 000000018000c778 f   MSVCRT:utility.obj
 0001:0000b7ac       __scrt_dllmain_before_initialize_c 000000018000c7ac f   MSVCRT:utility.obj
 0001:0000b7c4       __scrt_dllmain_crt_thread_attach 000000018000c7c4 f   MSVCRT:utility.obj
 0001:0000b7ec       __scrt_dllmain_crt_thread_detach 000000018000c7ec f   MSVCRT:utility.obj
 0001:0000b804       __scrt_dllmain_exception_filter 000000018000c804 f   MSVCRT:utility.obj
 0001:0000b864       __scrt_dllmain_uninitialize_c 000000018000c864 f   MSVCRT:utility.obj
 0001:0000b894       __scrt_dllmain_uninitialize_critical 000000018000c894 f   MSVCRT:utility.obj
 0001:0000b8a8       __scrt_initialize_crt      000000018000c8a8 f   MSVCRT:utility.obj
 0001:0000b8f4       __scrt_initialize_onexit_tables 000000018000c8f4 f   MSVCRT:utility.obj
 0001:0000b980       __scrt_is_nonwritable_in_current_image 000000018000c980 f   MSVCRT:utility.obj
 0001:0000ba18       __scrt_release_startup_lock 000000018000ca18 f   MSVCRT:utility.obj
 0001:0000ba3c       __scrt_uninitialize_crt    000000018000ca3c f   MSVCRT:utility.obj
 0001:0000ba68       __scrt_get_dyn_tls_init_callback 000000018000ca68 f   MSVCRT:dyn_tls_init.obj
 0001:0000ba70       __crt_debugger_hook        000000018000ca70 f   MSVCRT:utility_desktop.obj
 0001:0000ba78       __scrt_fastfail            000000018000ca78 f   MSVCRT:utility_desktop.obj
 0001:0000bbc4       _RTC_Initialize            000000018000cbc4 f   MSVCRT:initsect.obj
 0001:0000bc00       _RTC_Terminate             000000018000cc00 f   MSVCRT:initsect.obj
 0001:0000bc3c       _guard_check_icall_nop     000000018000cc3c f i MSVCRT:guard_support.obj
 0001:0000bc40       __isa_available_init       000000018000cc40 f   MSVCRT:cpu_disp.obj
 0001:0000bde4       _get_startup_argv_mode     000000018000cde4 f   MSVCRT:argv_mode.obj
 0001:0000bdec       __scrt_is_ucrt_dll_in_use  000000018000cdec f   MSVCRT:ucrt_detection.obj
 0001:0000be00       memcpy                     000000018000ce00 f   vcruntime:VCRUNTIME140.dll
 0001:0000be06       __CxxFrameHandler4         000000018000ce06 f   vcruntime:VCRUNTIME140_1.dll
 0001:0000be0c       __C_specific_handler       000000018000ce0c f   vcruntime:VCRUNTIME140.dll
 0001:0000be12       __std_type_info_destroy_list 000000018000ce12 f   vcruntime:VCRUNTIME140.dll
 0001:0000be18       memset                     000000018000ce18 f   vcruntime:VCRUNTIME140.dll
 0001:0000be1e       _initterm                  000000018000ce1e f   ucrt:api-ms-win-crt-runtime-l1-1-0.dll
 0001:0000be24       _initterm_e                000000018000ce24 f   ucrt:api-ms-win-crt-runtime-l1-1-0.dll
 0001:0000be2a       _seh_filter_dll            000000018000ce2a f   ucrt:api-ms-win-crt-runtime-l1-1-0.dll
 0001:0000be30       _configure_narrow_argv     000000018000ce30 f   ucrt:api-ms-win-crt-runtime-l1-1-0.dll
 0001:0000be36       _initialize_narrow_environment 000000018000ce36 f   ucrt:api-ms-win-crt-runtime-l1-1-0.dll
 0001:0000be3c       _initialize_onexit_table   000000018000ce3c f   ucrt:api-ms-win-crt-runtime-l1-1-0.dll
 0001:0000be42       _execute_onexit_table      000000018000ce42 f   ucrt:api-ms-win-crt-runtime-l1-1-0.dll
 0001:0000be48       _cexit                     000000018000ce48 f   ucrt:api-ms-win-crt-runtime-l1-1-0.dll
 0001:0000be50       __vcrt_uninitialize        000000018000ce50 f   MSVCRT:ucrt_stubs.obj
 0001:0000be50       __scrt_stub_for_acrt_thread_detach 000000018000ce50 f   MSVCRT:ucrt_stubs.obj
 0001:0000be50       __vcrt_initialize          000000018000ce50 f   MSVCRT:ucrt_stubs.obj
 0001:0000be50       __scrt_stub_for_acrt_uninitialize_critical 000000018000ce50 f   MSVCRT:ucrt_stubs.obj
 0001:0000be50       __vcrt_uninitialize_critical 000000018000ce50 f   MSVCRT:ucrt_stubs.obj
 0001:0000be50       __scrt_stub_for_acrt_thread_attach 000000018000ce50 f   MSVCRT:ucrt_stubs.obj
 0001:0000be50       __acrt_uninitialize        000000018000ce50 f   MSVCRT:ucrt_stubs.obj
 0001:0000be50       __acrt_thread_attach       000000018000ce50 f   MSVCRT:ucrt_stubs.obj
 0001:0000be50       __acrt_initialize          000000018000ce50 f   MSVCRT:ucrt_stubs.obj
 0001:0000be50       __vcrt_thread_attach       000000018000ce50 f   MSVCRT:ucrt_stubs.obj
 0001:0000be50       __scrt_stub_for_acrt_uninitialize 000000018000ce50 f   MSVCRT:ucrt_stubs.obj
 0001:0000be50       __acrt_thread_detach       000000018000ce50 f   MSVCRT:ucrt_stubs.obj
 0001:0000be50       __acrt_uninitialize_critical 000000018000ce50 f   MSVCRT:ucrt_stubs.obj
 0001:0000be50       __vcrt_thread_detach       000000018000ce50 f   MSVCRT:ucrt_stubs.obj
 0001:0000be50       __scrt_stub_for_acrt_initialize 000000018000ce50 f   MSVCRT:ucrt_stubs.obj
 0001:0000be54       _is_c_termination_complete 000000018000ce54 f   MSVCRT:ucrt_stubs.obj
 0001:0000be54       __scrt_stub_for_is_c_termination_complete 000000018000ce54 f   MSVCRT:ucrt_stubs.obj
 0001:0000be70       _guard_dispatch_icall_nop  000000018000ce70 f   MSVCRT:guard_dispatch.obj
 0001:0000be90       _guard_xfg_dispatch_icall_nop 000000018000ce90 f   MSVCRT:guard_xfg_dispatch.obj
 0002:00000000       __imp_FindClose            000000018000d000     kernel32:KERNEL32.dll
 0002:00000008       __imp_FindFirstFileA       000000018000d008     kernel32:KERNEL32.dll
 0002:00000010       __imp_FindNextFileA        000000018000d010     kernel32:KERNEL32.dll
 0002:00000018       __imp_GetFileAttributesA   000000018000d018     kernel32:KERNEL32.dll
 0002:00000020       __imp_GetLastError         000000018000d020     kernel32:KERNEL32.dll
 0002:00000028       __imp_QueryPerformanceCounter 000000018000d028     kernel32:KERNEL32.dll
 0002:00000030       __imp_QueryPerformanceFrequency 000000018000d030     kernel32:KERNEL32.dll
 0002:00000038       __imp_VirtualAlloc         000000018000d038     kernel32:KERNEL32.dll
 0002:00000040       __imp_VirtualFree          000000018000d040     kernel32:KERNEL32.dll
 0002:00000048       __imp_FormatMessageA       000000018000d048     kernel32:KERNEL32.dll
 0002:00000050       __imp_GetLogicalDriveStringsA 000000018000d050     kernel32:KERNEL32.dll
 0002:00000058       __imp_RtlCaptureContext    000000018000d058     kernel32:KERNEL32.dll
 0002:00000060       __imp_RtlLookupFunctionEntry 000000018000d060     kernel32:KERNEL32.dll
 0002:00000068       __imp_RtlVirtualUnwind     000000018000d068     kernel32:KERNEL32.dll
 0002:00000070       __imp_UnhandledExceptionFilter 000000018000d070     kernel32:KERNEL32.dll
 0002:00000078       __imp_SetUnhandledExceptionFilter 000000018000d078     kernel32:KERNEL32.dll
 0002:00000080       __imp_GetCurrentProcess    000000018000d080     kernel32:KERNEL32.dll
 0002:00000088       __imp_TerminateProcess     000000018000d088     kernel32:KERNEL32.dll
 0002:00000090       __imp_IsProcessorFeaturePresent 000000018000d090     kernel32:KERNEL32.dll
 0002:00000098       __imp_GetCurrentProcessId  000000018000d098     kernel32:KERNEL32.dll
 0002:000000a0       __imp_GetCurrentThreadId   000000018000d0a0     kernel32:KERNEL32.dll
 0002:000000a8       __imp_GetSystemTimeAsFileTime 000000018000d0a8     kernel32:KERNEL32.dll
 0002:000000b0       __imp_DisableThreadLibraryCalls 000000018000d0b0     kernel32:KERNEL32.dll
 0002:000000b8       __imp_InitializeSListHead  000000018000d0b8     kernel32:KERNEL32.dll
 0002:000000c0       __imp_IsDebuggerPresent    000000018000d0c0     kernel32:KERNEL32.dll
 0002:000000c8       \177KERNEL32_NULL_THUNK_DATA 000000018000d0c8     kernel32:KERNEL32.dll
 0002:000000d0       __imp_memcpy               000000018000d0d0     vcruntime:VCRUNTIME140.dll
 0002:000000d8       __imp_memset               000000018000d0d8     vcruntime:VCRUNTIME140.dll
 0002:000000e0       __imp___C_specific_handler 000000018000d0e0     vcruntime:VCRUNTIME140.dll
 0002:000000e8       __imp___std_type_info_destroy_list 000000018000d0e8     vcruntime:VCRUNTIME140.dll
 0002:000000f0       \177VCRUNTIME140_NULL_THUNK_DATA 000000018000d0f0     vcruntime:VCRUNTIME140.dll
 0002:000000f8       __imp___CxxFrameHandler4   000000018000d0f8     vcruntime:VCRUNTIME140_1.dll
 0002:00000100       \177VCRUNTIME140_1_NULL_THUNK_DATA 000000018000d100     vcruntime:VCRUNTIME140_1.dll
 0002:00000108       __imp_malloc               000000018000d108     ucrt:api-ms-win-crt-heap-l1-1-0.dll
 0002:00000110       __imp_free                 000000018000d110     ucrt:api-ms-win-crt-heap-l1-1-0.dll
 0002:00000118       __imp_calloc               000000018000d118     ucrt:api-ms-win-crt-heap-l1-1-0.dll
 0002:00000120       __imp_realloc              000000018000d120     ucrt:api-ms-win-crt-heap-l1-1-0.dll
 0002:00000128       \177api-ms-win-crt-heap-l1-1-0_NULL_THUNK_DATA 000000018000d128     ucrt:api-ms-win-crt-heap-l1-1-0.dll
 0002:00000130       __imp_fmodf                000000018000d130     ucrt:api-ms-win-crt-math-l1-1-0.dll
 0002:00000138       __imp_atanf                000000018000d138     ucrt:api-ms-win-crt-math-l1-1-0.dll
 0002:00000140       __imp_tanf                 000000018000d140     ucrt:api-ms-win-crt-math-l1-1-0.dll
 0002:00000148       __imp_sinf                 000000018000d148     ucrt:api-ms-win-crt-math-l1-1-0.dll
 0002:00000150       \177api-ms-win-crt-math-l1-1-0_NULL_THUNK_DATA 000000018000d150     ucrt:api-ms-win-crt-math-l1-1-0.dll
 0002:00000158       __imp_abort                000000018000d158     ucrt:api-ms-win-crt-runtime-l1-1-0.dll
 0002:00000160       __imp__cexit               000000018000d160     ucrt:api-ms-win-crt-runtime-l1-1-0.dll
 0002:00000168       __imp__initterm            000000018000d168     ucrt:api-ms-win-crt-runtime-l1-1-0.dll
 0002:00000170       __imp__initterm_e          000000018000d170     ucrt:api-ms-win-crt-runtime-l1-1-0.dll
 0002:00000178       __imp__seh_filter_dll      000000018000d178     ucrt:api-ms-win-crt-runtime-l1-1-0.dll
 0002:00000180       __imp__configure_narrow_argv 000000018000d180     ucrt:api-ms-win-crt-runtime-l1-1-0.dll
 0002:00000188       __imp__initialize_narrow_environment 000000018000d188     ucrt:api-ms-win-crt-runtime-l1-1-0.dll
 0002:00000190       __imp__initialize_onexit_table 000000018000d190     ucrt:api-ms-win-crt-runtime-l1-1-0.dll
 0002:00000198       __imp__execute_onexit_table 000000018000d198     ucrt:api-ms-win-crt-runtime-l1-1-0.dll
 0002:000001a0       \177api-ms-win-crt-runtime-l1-1-0_NULL_THUNK_DATA 000000018000d1a0     ucrt:api-ms-win-crt-runtime-l1-1-0.dll
 0002:000001a8       __imp_putchar              000000018000d1a8     ucrt:api-ms-win-crt-stdio-l1-1-0.dll
 0002:000001b0       __imp_fwrite               000000018000d1b0     ucrt:api-ms-win-crt-stdio-l1-1-0.dll
 0002:000001b8       __imp___acrt_iob_func      000000018000d1b8     ucrt:api-ms-win-crt-stdio-l1-1-0.dll
 0002:000001c0       __imp___stdio_common_vsprintf 000000018000d1c0     ucrt:api-ms-win-crt-stdio-l1-1-0.dll
 0002:000001c8       __imp___stdio_common_vfprintf 000000018000d1c8     ucrt:api-ms-win-crt-stdio-l1-1-0.dll
 0002:000001d0       \177api-ms-win-crt-stdio-l1-1-0_NULL_THUNK_DATA 000000018000d1d0     ucrt:api-ms-win-crt-stdio-l1-1-0.dll
 0002:000001d8       __guard_check_icall_fptr   000000018000d1d8     MSVCRT:guard_support.obj
 0002:000001e0       __guard_xfg_check_icall_fptr 000000018000d1e0     MSVCRT:guard_support.obj
 0002:000001e8       __guard_dispatch_icall_fptr 000000018000d1e8     MSVCRT:guard_support.obj
 0002:000001f0       __guard_xfg_dispatch_icall_fptr 000000018000d1f0     MSVCRT:guard_support.obj
 0002:000001f8       __guard_xfg_table_dispatch_icall_fptr 000000018000d1f8     MSVCRT:guard_support.obj
 0002:00000200       __xc_a                     000000018000d200     MSVCRT:initializers.obj
 0002:00000210       __xc_z                     000000018000d210     MSVCRT:initializers.obj
 0002:00000218       __xi_a                     000000018000d218     MSVCRT:initializers.obj
 0002:00000220       __xi_z                     000000018000d220     MSVCRT:initializers.obj
 0002:00000228       __xp_a                     000000018000d228     MSVCRT:initializers.obj
 0002:00000230       __xp_z                     000000018000d230     MSVCRT:initializers.obj
 0002:00000238       __xt_a                     000000018000d238     MSVCRT:initializers.obj
 0002:00000240       __xt_z                     000000018000d240     MSVCRT:initializers.obj
 0002:00001270       ??_C@_04GBBGJLMB@?$CF?45f@ 000000018000e270     game.obj
 0002:00001278       ??_C@_0BA@EKHMOAP@?$CImissing?5input?$CJ@ 000000018000e278     game.obj
 0002:00001288       ??_C@_0BD@BBEFDHLK@?$CI?$CF?45f?0?5?$CF?45f?0?5?$CF?45f?$CJ@ 000000018000e288     game.obj
 0002:000012a0       ??_C@_0DC@JKFGPD@OUT?5OF?5BOUNDS?$CB?5expected?5between@ 000000018000e2a0     game.obj
 0002:000012d8       ??_C@_0BB@BMBDIIJG@str?3?3operator?5?$FL?$FN@ 000000018000e2d8     game.obj
 0002:000012f0       ??_C@_0CJ@KOPGFBJP@F?3?2C?$CL?$CLProject?2MiniRPG?2src?2GyoUt@ 000000018000e2f0     game.obj
 0002:00001320       ??_C@_0CH@HGLNBEDD@?$CI?$CIi?$CJ?5?$DO?$DN?5?$CI0?$CJ?$CJ?5?$CG?$CG?5?$CI?$CIi?$CJ?5?$DM?5?$CI?$CI0?$CJ?5?$CL?5?$CI@ 000000018000e320     game.obj
 0002:00001348       ??_C@_0BH@LLCIEOEC@?$CD?$CD?$CD?5Assertion?5failed?3?5@ 000000018000e348     game.obj
 0002:00001360       ??_C@_0O@IANHEMJ@?5?5?5?5Code?3?5?8?$CF?8@ 000000018000e360     game.obj
 0002:00001370       ??_C@_0M@EHDLJHEO@?5?5?5?5File?3?5?$CF@ 000000018000e370     game.obj
 0002:00001380       ??_C@_0M@JLDDCKIN@?5?5?5?5Line?3?5?$CF@ 000000018000e380     game.obj
 0002:00001390       ??_C@_0BA@KOPDMLFK@?5?5?5?5Function?3?5?$CF@ 000000018000e390     game.obj
 0002:000013a0       ??_C@_0N@JIEJGDCB@Stack?5Trace?3@ 000000018000e3a0     game.obj
 0002:000013b0       __real@00000000            000000018000e3b0     game.obj
 0002:000013b4       __real@3a83126f            000000018000e3b4     game.obj
 0002:000013b8       __real@3c23d70a            000000018000e3b8     game.obj
 0002:000013bc       __real@3c8efa35            000000018000e3bc     game.obj
 0002:000013c0       __real@3d4ccccd            000000018000e3c0     game.obj
 0002:000013c4       __real@3e666666            000000018000e3c4     game.obj
 0002:000013c8       __real@3e800000            000000018000e3c8     game.obj
 0002:000013cc       __real@3f000000            000000018000e3cc     game.obj
 0002:000013d0       __real@3f800000            000000018000e3d0     game.obj
 0002:000013d8       __real@3fe0000000000000    000000018000e3d8     game.obj
 0002:000013e0       __real@40000000            000000018000e3e0     game.obj
 0002:000013e8       __real@406fe00000000000    000000018000e3e8     game.obj
 0002:000013f0       __real@40800000            000000018000e3f0     game.obj
 0002:000013f8       __real@408f400000000000    000000018000e3f8     game.obj
 0002:00001400       __real@40c00000            000000018000e400     game.obj
 0002:00001404       __real@41000000            000000018000e404     game.obj
 0002:00001408       __real@41800000            000000018000e408     game.obj
 0002:0000140c       __real@42340000            000000018000e40c     game.obj
 0002:00001410       __real@42700000            000000018000e410     game.obj
 0002:00001414       __real@42b40000            000000018000e414     game.obj
 0002:00001418       __real@42c80000            000000018000e418     game.obj
 0002:0000141c       __real@42f00000            000000018000e41c     game.obj
 0002:00001420       __real@43200000            000000018000e420     game.obj
 0002:00001424       __real@43340000            000000018000e424     game.obj
 0002:00001428       __real@43700000            000000018000e428     game.obj
 0002:0000142c       __real@437f0000            000000018000e42c     game.obj
 0002:00001430       __real@43960000            000000018000e430     game.obj
 0002:00001434       __real@43b40000            000000018000e434     game.obj
 0002:00001438       __real@4cbebc20            000000018000e438     game.obj
 0002:0000143c       __real@4e6e6b28            000000018000e43c     game.obj
 0002:00001440       __real@bf800000            000000018000e440     game.obj
 0002:00001444       __real@c0c00000            000000018000e444     game.obj
 0002:00001450       __xmm@437f0000437f0000437f0000437f0000 000000018000e450     game.obj
 0002:00001460       __xmm@80000000800000008000000080000000 000000018000e460     game.obj
 0002:00001470       _pDefaultRawDllMain        000000018000e470     MSVCRT:dll_dllmain.obj
 0002:00001470       _pRawDllMain               000000018000e470     MSVCRT:dll_dllmain.obj
 0002:00001490       __xmm@ffffffffffffffffffffffffffffffff 000000018000e490     MSVCRT:utility.obj
 0002:00001500       _load_config_used          000000018000e500     MSVCRT:loadcfg.obj
 0002:00001680       __volatile_metadata        000000018000e680     <linker-defined>
 0002:00001a28       __rtc_iaa                  000000018000ea28     MSVCRT:initsect.obj
 0002:00001a30       __rtc_izz                  000000018000ea30     MSVCRT:initsect.obj
 0002:00001a38       __rtc_taa                  000000018000ea38     MSVCRT:initsect.obj
 0002:00001a40       __rtc_tzz                  000000018000ea40     MSVCRT:initsect.obj
 0002:00002574       __IMPORT_DESCRIPTOR_KERNEL32 000000018000f574     kernel32:KERNEL32.dll
 0002:00002588       __IMPORT_DESCRIPTOR_VCRUNTIME140 000000018000f588     vcruntime:VCRUNTIME140.dll
 0002:0000259c       __IMPORT_DESCRIPTOR_VCRUNTIME140_1 000000018000f59c     vcruntime:VCRUNTIME140_1.dll
 0002:000025b0       __IMPORT_DESCRIPTOR_api-ms-win-crt-math-l1-1-0 000000018000f5b0     ucrt:api-ms-win-crt-math-l1-1-0.dll
 0002:000025c4       __IMPORT_DESCRIPTOR_api-ms-win-crt-heap-l1-1-0 000000018000f5c4     ucrt:api-ms-win-crt-heap-l1-1-0.dll
 0002:000025d8       __IMPORT_DESCRIPTOR_api-ms-win-crt-runtime-l1-1-0 000000018000f5d8     ucrt:api-ms-win-crt-runtime-l1-1-0.dll
 0002:000025ec       __IMPORT_DESCRIPTOR_api-ms-win-crt-stdio-l1-1-0 000000018000f5ec     ucrt:api-ms-win-crt-stdio-l1-1-0.dll
 0002:00002600       __NULL_IMPORT_DESCRIPTOR   000000018000f600     kernel32:KERNEL32.dll
 0003:00000000       ?AllocOpStrings@@3PAPEBDA  0000000180010000     game.obj
 0003:00000038       ?default_allocator@@3UAllocator@@A 0000000180010038     game.obj
 0003:00000048       ?temporary_allocator@@3UAllocator@@A 0000000180010048     game.obj
 0003:00000060       __security_cookie_complement 0000000180010060     MSVCRT:gs_cookie.obj
 0003:00000068       __security_cookie          0000000180010068     MSVCRT:gs_cookie.obj
 0003:00000070       _fltused                   0000000180010070     MSVCRT:fltused.obj
 0003:00000074       __scrt_native_dllmain_reason 0000000180010074     MSVCRT:utility.obj
 0003:00000078       __isa_available            0000000180010078     MSVCRT:cpu_disp.obj
 0003:0000007c       __isa_enabled              000000018001007c     MSVCRT:cpu_disp.obj
 0003:00000080       __memcpy_nt_iters          0000000180010080     MSVCRT:cpu_disp.obj
 0003:00000088       __memset_nt_iters          0000000180010088     MSVCRT:cpu_disp.obj
 0003:00000090       __scrt_ucrt_dll_is_in_use  0000000180010090     MSVCRT:ucrt_stubs.obj
 0003:000000a0       ?__buffer_index@@3HA       00000001800100a0     game.obj
 0003:000000a4       ?_current_parent_index@@3HA 00000001800100a4     game.obj
 0003:000000a8       ?_profile_start@@3_KA      00000001800100a8     game.obj
 0003:000000b0       ?__print_buff@@3PADA       00000001800100b0     game.obj
 0003:000001b0       ?_anchors@@3PAUTimeAnchor@@A 00000001800101b0     game.obj
 0003:000201b0       ?_profile_end@@3_KA        00000001800301b0     game.obj
 0003:000201b8       ?memory@@3PEAUGameMemory@@EA 00000001800301b8     game.obj
 0003:000201c0       ?input@@3PEAUInput@@EA     00000001800301c0     game.obj
 0003:000201c8       ?platfomr@@3PEAUPlatform@@EA 00000001800301c8     game.obj
 0003:000201d0       ?a@@3MA                    00000001800301d0     game.obj
 0003:000201d4       ?t@@3MA                    00000001800301d4     game.obj
 0003:000201d8       ?tracking_infos@@3PEAUTrackingInfo@@EA 00000001800301d8     game.obj
 0003:000201e0       ?current_tracking_index@@3PEAHEA 00000001800301e0     game.obj
 0003:000201e8       ?temporary_arena@@3UArena@@A 00000001800301e8     game.obj
 0003:00020208       ?_OptionsStorage@?1??__local_stdio_printf_options@@9@4_KA 0000000180030208     game.obj
 0003:00020790       ?__type_info_root_node@@3U__type_info_node@@A 0000000180030790     MSVCRT:tncleanup.obj
 0003:000207a0       ?_OptionsStorage@?1??__local_stdio_scanf_options@@9@4_KA 00000001800307a0     MSVCRT:default_local_stdio_options.obj
 0003:000207a8       __scrt_current_native_startup_state 00000001800307a8     MSVCRT:utility.obj
 0003:000207b0       __scrt_native_startup_lock 00000001800307b0     MSVCRT:utility.obj
 0003:000207f0       __scrt_debugger_hook_flag  00000001800307f0     MSVCRT:utility_desktop.obj
 0003:000207f8       __castguard_check_failure_os_handled_fptr 00000001800307f8     MSVCRT:guard_support.obj
 0003:00020800       __favor                    0000000180030800     MSVCRT:cpu_disp.obj
 0003:00020808       __dyn_tls_init_callback    0000000180030808     <common>

 entry point at        0001:0000b470

 Static symbols

 0000:fffcd000       .debug$S                   0000000180000000     game.exp
 0000:fffcd000       .debug$S                   0000000180000000     vcruntime:VCRUNTIME140.dll
 0000:fffcd000       .debug$S                   0000000180000000     vcruntime:VCRUNTIME140.dll
 0000:fffcd000       .debug$S                   0000000180000000     vcruntime:VCRUNTIME140.dll
 0000:fffcd000       .debug$S                   0000000180000000     vcruntime:VCRUNTIME140.dll
 0000:fffcd000       .debug$S                   0000000180000000     vcruntime:VCRUNTIME140.dll
 0000:fffcd000       .debug$S                   0000000180000000     vcruntime:VCRUNTIME140.dll
 0000:fffcd000       .debug$S                   0000000180000000     vcruntime:VCRUNTIME140_1.dll
 0000:fffcd000       .debug$S                   0000000180000000     ucrt:api-ms-win-crt-heap-l1-1-0.dll
 0000:fffcd000       .debug$S                   0000000180000000     ucrt:api-ms-win-crt-heap-l1-1-0.dll
 0000:fffcd000       .debug$S                   0000000180000000     ucrt:api-ms-win-crt-heap-l1-1-0.dll
 0000:fffcd000       .debug$S                   0000000180000000     ucrt:api-ms-win-crt-heap-l1-1-0.dll
 0000:fffcd000       .debug$S                   0000000180000000     ucrt:api-ms-win-crt-math-l1-1-0.dll
 0000:fffcd000       .debug$S                   0000000180000000     ucrt:api-ms-win-crt-math-l1-1-0.dll
 0000:fffcd000       .debug$S                   0000000180000000     ucrt:api-ms-win-crt-math-l1-1-0.dll
 0000:fffcd000       .debug$S                   0000000180000000     ucrt:api-ms-win-crt-math-l1-1-0.dll
 0000:fffcd000       .debug$S                   0000000180000000     ucrt:api-ms-win-crt-runtime-l1-1-0.dll
 0000:fffcd000       .debug$S                   0000000180000000     ucrt:api-ms-win-crt-runtime-l1-1-0.dll
 0000:fffcd000       .debug$S                   0000000180000000     ucrt:api-ms-win-crt-runtime-l1-1-0.dll
 0000:fffcd000       .debug$S                   0000000180000000     ucrt:api-ms-win-crt-runtime-l1-1-0.dll
 0000:fffcd000       .debug$S                   0000000180000000     ucrt:api-ms-win-crt-runtime-l1-1-0.dll
 0000:fffcd000       .debug$S                   0000000180000000     ucrt:api-ms-win-crt-runtime-l1-1-0.dll
 0000:fffcd000       .debug$S                   0000000180000000     ucrt:api-ms-win-crt-runtime-l1-1-0.dll
 0000:fffcd000       .debug$S                   0000000180000000     ucrt:api-ms-win-crt-runtime-l1-1-0.dll
 0000:fffcd000       .debug$S                   0000000180000000     ucrt:api-ms-win-crt-runtime-l1-1-0.dll
 0000:fffcd000       .debug$S                   0000000180000000     ucrt:api-ms-win-crt-runtime-l1-1-0.dll
 0000:fffcd000       .debug$S                   0000000180000000     ucrt:api-ms-win-crt-runtime-l1-1-0.dll
 0000:fffcd000       .debug$S                   0000000180000000     ucrt:api-ms-win-crt-runtime-l1-1-0.dll
 0000:fffcd000       .debug$S                   0000000180000000     ucrt:api-ms-win-crt-runtime-l1-1-0.dll
 0000:fffcd000       .debug$S                   0000000180000000     ucrt:api-ms-win-crt-stdio-l1-1-0.dll
 0000:fffcd000       .debug$S                   0000000180000000     ucrt:api-ms-win-crt-stdio-l1-1-0.dll
 0000:fffcd000       .debug$S                   0000000180000000     ucrt:api-ms-win-crt-stdio-l1-1-0.dll
 0000:fffcd000       .debug$S                   0000000180000000     ucrt:api-ms-win-crt-stdio-l1-1-0.dll
 0000:fffcd000       .debug$S                   0000000180000000     ucrt:api-ms-win-crt-stdio-l1-1-0.dll
 0000:fffcd000       .debug$S                   0000000180000000     kernel32:KERNEL32.dll
 0000:fffcd000       .debug$S                   0000000180000000     kernel32:KERNEL32.dll
 0000:fffcd000       .debug$S                   0000000180000000     kernel32:KERNEL32.dll
 0000:fffcd000       .debug$S                   0000000180000000     kernel32:KERNEL32.dll
 0000:fffcd000       .debug$S                   0000000180000000     kernel32:KERNEL32.dll
 0000:fffcd000       .debug$S                   0000000180000000     kernel32:KERNEL32.dll
 0000:fffcd000       .debug$S                   0000000180000000     kernel32:KERNEL32.dll
 0000:fffcd000       .debug$S                   0000000180000000     kernel32:KERNEL32.dll
 0000:fffcd000       .debug$S                   0000000180000000     kernel32:KERNEL32.dll
 0000:fffcd000       .debug$S                   0000000180000000     kernel32:KERNEL32.dll
 0000:fffcd000       .debug$S                   0000000180000000     kernel32:KERNEL32.dll
 0000:fffcd000       .debug$S                   0000000180000000     kernel32:KERNEL32.dll
 0000:fffcd000       .debug$S                   0000000180000000     kernel32:KERNEL32.dll
 0000:fffcd000       .debug$S                   0000000180000000     kernel32:KERNEL32.dll
 0000:fffcd000       .debug$S                   0000000180000000     kernel32:KERNEL32.dll
 0000:fffcd000       .debug$S                   0000000180000000     kernel32:KERNEL32.dll
 0000:fffcd000       .debug$S                   0000000180000000     kernel32:KERNEL32.dll
 0000:fffcd000       .debug$S                   0000000180000000     kernel32:KERNEL32.dll
 0000:fffcd000       .debug$S                   0000000180000000     kernel32:KERNEL32.dll
 0000:fffcd000       .debug$S                   0000000180000000     kernel32:KERNEL32.dll
 0000:fffcd000       .debug$S                   0000000180000000     kernel32:KERNEL32.dll
 0000:fffcd000       .debug$S                   0000000180000000     kernel32:KERNEL32.dll
 0000:fffcd000       .debug$S                   0000000180000000     kernel32:KERNEL32.dll
 0000:fffcd000       .debug$S                   0000000180000000     kernel32:KERNEL32.dll
 0000:fffcd000       .debug$S                   0000000180000000     kernel32:KERNEL32.dll
 0000:fffcd000       .debug$S                   0000000180000000     kernel32:KERNEL32.dll
 0000:fffcd000       .debug$S                   0000000180000000     kernel32:KERNEL32.dll
 0001:00000000       ??__Etemporary_arena@@YAXXZ 0000000180001000 f   game.obj
 0001:00005930       ?get_os_timer_freq@@YA_KXZ 0000000180006930 f   game.obj
 0001:00005950       ?read_os_timer@@YA_KXZ     0000000180006950 f   game.obj
 0001:00006810       ??R<lambda_1>@?1??get_only_files_in_dir@@YA_NUstr@@PEAU?$Array@Ustr@@@@@Z@QEBA@XZ 0000000180007810 f   game.obj
 0001:00006840       ??0<lambda_1>@?1??get_only_files_in_dir@@YA_NUstr@@PEAU?$Array@Ustr@@@@@Z@QEAA@AEAUStrBuilder@@@Z 0000000180007840 f   game.obj
 0001:00006870       ??0?$ScopeExit@V<lambda_1>@?1??get_only_files_in_dir@@YA_NUstr@@PEAU?$Array@Ustr@@@@@Z@@@QEAA@V<lambda_1>@?1??get_only_files_in_dir@@YA_NUstr@@PEAU?$Array@Ustr@@@@@Z@@Z 0000000180007870 f   game.obj
 0001:000068a0       ??1?$ScopeExit@V<lambda_1>@?1??get_only_files_in_dir@@YA_NUstr@@PEAU?$Array@Ustr@@@@@Z@@@QEAA@XZ 00000001800078a0 f   game.obj
 0001:000068d0       ??R<lambda_2>@?1??get_only_files_in_dir@@YA_NUstr@@PEAU?$Array@Ustr@@@@@Z@QEBA@XZ 00000001800078d0 f   game.obj
 0001:00006900       ??0<lambda_2>@?1??get_only_files_in_dir@@YA_NUstr@@PEAU?$Array@Ustr@@@@@Z@QEAA@AEAPEAX@Z 0000000180007900 f   game.obj
 0001:00006930       ??0?$ScopeExit@V<lambda_2>@?1??get_only_files_in_dir@@YA_NUstr@@PEAU?$Array@Ustr@@@@@Z@@@QEAA@V<lambda_2>@?1??get_only_files_in_dir@@YA_NUstr@@PEAU?$Array@Ustr@@@@@Z@@Z 0000000180007930 f   game.obj
 0001:00006960       ??1?$ScopeExit@V<lambda_2>@?1??get_only_files_in_dir@@YA_NUstr@@PEAU?$Array@Ustr@@@@@Z@@@QEAA@XZ 0000000180007960 f   game.obj
 0001:00006990       ??R<lambda_3>@?1??get_only_files_in_dir@@YA_NUstr@@PEAU?$Array@Ustr@@@@@Z@QEBA@XZ 0000000180007990 f   game.obj
 0001:000069c0       ??0<lambda_3>@?1??get_only_files_in_dir@@YA_NUstr@@PEAU?$Array@Ustr@@@@@Z@QEAA@AEAUStrBuilder@@@Z 00000001800079c0 f   game.obj
 0001:000069f0       ??0?$ScopeExit@V<lambda_3>@?1??get_only_files_in_dir@@YA_NUstr@@PEAU?$Array@Ustr@@@@@Z@@@QEAA@V<lambda_3>@?1??get_only_files_in_dir@@YA_NUstr@@PEAU?$Array@Ustr@@@@@Z@@Z 00000001800079f0 f   game.obj
 0001:00006a20       ??1?$ScopeExit@V<lambda_3>@?1??get_only_files_in_dir@@YA_NUstr@@PEAU?$Array@Ustr@@@@@Z@@@QEAA@XZ 0000000180007a20 f   game.obj
 0001:00006fd0       ??R<lambda_1>@?1??get_only_folders_in_dir@@YA_NUstr@@PEAU?$Array@Ustr@@@@@Z@QEBA@XZ 0000000180007fd0 f   game.obj
 0001:00007000       ??0<lambda_1>@?1??get_only_folders_in_dir@@YA_NUstr@@PEAU?$Array@Ustr@@@@@Z@QEAA@AEAUStrBuilder@@@Z 0000000180008000 f   game.obj
 0001:00007030       ??0?$ScopeExit@V<lambda_1>@?1??get_only_folders_in_dir@@YA_NUstr@@PEAU?$Array@Ustr@@@@@Z@@@QEAA@V<lambda_1>@?1??get_only_folders_in_dir@@YA_NUstr@@PEAU?$Array@Ustr@@@@@Z@@Z 0000000180008030 f   game.obj
 0001:00007060       ??1?$ScopeExit@V<lambda_1>@?1??get_only_folders_in_dir@@YA_NUstr@@PEAU?$Array@Ustr@@@@@Z@@@QEAA@XZ 0000000180008060 f   game.obj
 0001:00007090       ??R<lambda_2>@?1??get_only_folders_in_dir@@YA_NUstr@@PEAU?$Array@Ustr@@@@@Z@QEBA@XZ 0000000180008090 f   game.obj
 0001:000070c0       ??0<lambda_2>@?1??get_only_folders_in_dir@@YA_NUstr@@PEAU?$Array@Ustr@@@@@Z@QEAA@AEAPEAX@Z 00000001800080c0 f   game.obj
 0001:000070f0       ??0?$ScopeExit@V<lambda_2>@?1??get_only_folders_in_dir@@YA_NUstr@@PEAU?$Array@Ustr@@@@@Z@@@QEAA@V<lambda_2>@?1??get_only_folders_in_dir@@YA_NUstr@@PEAU?$Array@Ustr@@@@@Z@@Z 00000001800080f0 f   game.obj
 0001:00007120       ??1?$ScopeExit@V<lambda_2>@?1??get_only_folders_in_dir@@YA_NUstr@@PEAU?$Array@Ustr@@@@@Z@@@QEAA@XZ 0000000180008120 f   game.obj
 0001:00007150       ??R<lambda_3>@?1??get_only_folders_in_dir@@YA_NUstr@@PEAU?$Array@Ustr@@@@@Z@QEBA@XZ 0000000180008150 f   game.obj
 0001:00007180       ??0<lambda_3>@?1??get_only_folders_in_dir@@YA_NUstr@@PEAU?$Array@Ustr@@@@@Z@QEAA@AEAUStrBuilder@@@Z 0000000180008180 f   game.obj
 0001:000071b0       ??0?$ScopeExit@V<lambda_3>@?1??get_only_folders_in_dir@@YA_NUstr@@PEAU?$Array@Ustr@@@@@Z@@@QEAA@V<lambda_3>@?1??get_only_folders_in_dir@@YA_NUstr@@PEAU?$Array@Ustr@@@@@Z@@Z 00000001800081b0 f   game.obj
 0001:000071e0       ??1?$ScopeExit@V<lambda_3>@?1??get_only_folders_in_dir@@YA_NUstr@@PEAU?$Array@Ustr@@@@@Z@@@QEAA@XZ 00000001800081e0 f   game.obj
 0001:00008000       ??$?6V<lambda_1>@?1??get_only_files_in_dir@@YA_NUstr@@PEAU?$Array@Ustr@@@@@Z@@<unnamed-type-the_trick_that_lets_us_concatenate>@@QEAA?AU?$ScopeExit@V<lambda_1>@?1??get_only_files_in_dir@@YA_NUstr@@PEAU?$Array@Ustr@@@@@Z@@@V<lambda_1>@?1??get_only_files_in_dir@@YA_NUstr@@PEAU?$Array@Ustr@@@@@Z@@Z 0000000180009000 f   game.obj
 0001:00008040       ??$?6V<lambda_1>@?1??get_only_folders_in_dir@@YA_NUstr@@PEAU?$Array@Ustr@@@@@Z@@<unnamed-type-the_trick_that_lets_us_concatenate>@@QEAA?AU?$ScopeExit@V<lambda_1>@?1??get_only_folders_in_dir@@YA_NUstr@@PEAU?$Array@Ustr@@@@@Z@@@V<lambda_1>@?1??get_only_folders_in_dir@@YA_NUstr@@PEAU?$Array@Ustr@@@@@Z@@Z 0000000180009040 f   game.obj
 0001:00008080       ??$?6V<lambda_2>@?1??get_only_files_in_dir@@YA_NUstr@@PEAU?$Array@Ustr@@@@@Z@@<unnamed-type-the_trick_that_lets_us_concatenate>@@QEAA?AU?$ScopeExit@V<lambda_2>@?1??get_only_files_in_dir@@YA_NUstr@@PEAU?$Array@Ustr@@@@@Z@@@V<lambda_2>@?1??get_only_files_in_dir@@YA_NUstr@@PEAU?$Array@Ustr@@@@@Z@@Z 0000000180009080 f   game.obj
 0001:000080c0       ??$?6V<lambda_2>@?1??get_only_folders_in_dir@@YA_NUstr@@PEAU?$Array@Ustr@@@@@Z@@<unnamed-type-the_trick_that_lets_us_concatenate>@@QEAA?AU?$ScopeExit@V<lambda_2>@?1??get_only_folders_in_dir@@YA_NUstr@@PEAU?$Array@Ustr@@@@@Z@@@V<lambda_2>@?1??get_only_folders_in_dir@@YA_NUstr@@PEAU?$Array@Ustr@@@@@Z@@Z 00000001800090c0 f   game.obj
 0001:00008100       ??$?6V<lambda_3>@?1??get_only_files_in_dir@@YA_NUstr@@PEAU?$Array@Ustr@@@@@Z@@<unnamed-type-the_trick_that_lets_us_concatenate>@@QEAA?AU?$ScopeExit@V<lambda_3>@?1??get_only_files_in_dir@@YA_NUstr@@PEAU?$Array@Ustr@@@@@Z@@@V<lambda_3>@?1??get_only_files_in_dir@@YA_NUstr@@PEAU?$Array@Ustr@@@@@Z@@Z 0000000180009100 f   game.obj
 0001:00008140       ??$?6V<lambda_3>@?1??get_only_folders_in_dir@@YA_NUstr@@PEAU?$Array@Ustr@@@@@Z@@<unnamed-type-the_trick_that_lets_us_concatenate>@@QEAA?AU?$ScopeExit@V<lambda_3>@?1??get_only_folders_in_dir@@YA_NUstr@@PEAU?$Array@Ustr@@@@@Z@@@V<lambda_3>@?1??get_only_folders_in_dir@@YA_NUstr@@PEAU?$Array@Ustr@@@@@Z@@Z 0000000180009140 f   game.obj
 0001:0000b120       $$000000                   000000018000c120     MSVCRT:amdsecgs.obj
 0001:0000b150       ?dllmain_crt_dispatch@@YAHQEAUHINSTANCE__@@KQEAX@Z 000000018000c150 f   MSVCRT:dll_dllmain.obj
 0001:0000b1a0       ?dllmain_crt_process_attach@@YAHQEAUHINSTANCE__@@QEAX@Z 000000018000c1a0 f   MSVCRT:dll_dllmain.obj
 0001:0000b2b8       ?dllmain_crt_process_detach@@YAH_N@Z 000000018000c2b8 f   MSVCRT:dll_dllmain.obj
 0001:0000b33c       ?dllmain_dispatch@@YAHQEAUHINSTANCE__@@KQEAX@Z 000000018000c33c f   MSVCRT:dll_dllmain.obj
 0001:0000b5b8       capture_previous_context   000000018000c5b8 f   MSVCRT:gs_report.obj
 0001:0000be60       $$000000                   000000018000ce60     MSVCRT:guard_dispatch.obj
 0001:0000be80       $$000000                   000000018000ce80     MSVCRT:guard_xfg_dispatch.obj
 0001:0000bea0       ?dtor$0@?0??get_only_files_in_dir@@YA_NUstr@@PEAU?$Array@Ustr@@@@@Z@4HA 000000018000cea0 f   game.obj
 0001:0000beb8       ?dtor$1@?0??get_only_files_in_dir@@YA_NUstr@@PEAU?$Array@Ustr@@@@@Z@4HA 000000018000ceb8 f   game.obj
 0001:0000bed0       ?dtor$2@?0??get_only_files_in_dir@@YA_NUstr@@PEAU?$Array@Ustr@@@@@Z@4HA 000000018000ced0 f   game.obj
 0001:0000bee8       ?dtor$0@?0??get_only_folders_in_dir@@YA_NUstr@@PEAU?$Array@Ustr@@@@@Z@4HA 000000018000cee8 f   game.obj
 0001:0000bf00       ?dtor$1@?0??get_only_folders_in_dir@@YA_NUstr@@PEAU?$Array@Ustr@@@@@Z@4HA 000000018000cf00 f   game.obj
 0001:0000bf18       ?dtor$2@?0??get_only_folders_in_dir@@YA_NUstr@@PEAU?$Array@Ustr@@@@@Z@4HA 000000018000cf18 f   game.obj
 0001:0000bf30       ?fin$0@?0??dllmain_crt_process_attach@@YAHQEAUHINSTANCE__@@QEAX@Z@4HA 000000018000cf30 f   MSVCRT:dll_dllmain.obj
 0001:0000bf47       ?fin$0@?0??dllmain_crt_process_detach@@YAH_N@Z@4HA 000000018000cf47 f   MSVCRT:dll_dllmain.obj
 0001:0000bf60       ?fin$1@?0??dllmain_crt_process_detach@@YAH_N@Z@4HA 000000018000cf60 f   MSVCRT:dll_dllmain.obj
 0001:0000bf74       ?filt$0@?0??dllmain_dispatch@@YAHQEAUHINSTANCE__@@KQEAX@Z@4HA 000000018000cf74 f   MSVCRT:dll_dllmain.obj
 0001:0000bfaa       __scrt_is_nonwritable_in_current_image$filt$0 000000018000cfaa f   MSVCRT:utility.obj
 0002:00000208       ?temporary_arena$initializer$@@3P6AXXZEA 000000018000d208     game.obj
 0002:00000250       $SG109933                  000000018000d250     game.obj
 0002:00000258       $SG109936                  000000018000d258     game.obj
 0002:00000268       $SG109937                  000000018000d268     game.obj
 0002:00000270       $SG109939                  000000018000d270     game.obj
 0002:00000278       $SG109940                  000000018000d278     game.obj
 0002:0000027c       $SG109941                  000000018000d27c     game.obj
 0002:00000280       $SG109942                  000000018000d280     game.obj
 0002:0000028c       $SG109973                  000000018000d28c     game.obj
 0002:00000290       $SG109943                  000000018000d290     game.obj
 0002:0000029c       $SG110178                  000000018000d29c     game.obj
 0002:000002a0       $SG109946                  000000018000d2a0     game.obj
 0002:000002ac       $SG110335                  000000018000d2ac     game.obj
 0002:000002b0       $SG109947                  000000018000d2b0     game.obj
 0002:000002c8       $SG109951                  000000018000d2c8     game.obj
 0002:000002d4       $SG110345                  000000018000d2d4     game.obj
 0002:000002d8       $SG109952                  000000018000d2d8     game.obj
 0002:000002e8       $SG109968                  000000018000d2e8     game.obj
 0002:000002f0       $SG109970                  000000018000d2f0     game.obj
 0002:000002f8       $SG109972                  000000018000d2f8     game.obj
 0002:00000300       $SG109993                  000000018000d300     game.obj
 0002:00000310       $SG109995                  000000018000d310     game.obj
 0002:00000320       $SG109997                  000000018000d320     game.obj
 0002:00000330       $SG109998                  000000018000d330     game.obj
 0002:0000033c       $SG110181                  000000018000d33c     game.obj
 0002:00000344       $SG110338                  000000018000d344     game.obj
 0002:0000034c       $SG110347                  000000018000d34c     game.obj
 0002:00000350       $SG110367                  000000018000d350     game.obj
 0002:00000380       $SG110368                  000000018000d380     game.obj
 0002:00000390       $SG110369                  000000018000d390     game.obj
 0002:000003c4       $SG22225                   000000018000d3c4     game.obj
 0002:000003c8       $SG110370                  000000018000d3c8     game.obj
 0002:000003d8       $SG110536                  000000018000d3d8     game.obj
 0002:000003ec       $SG22471                   000000018000d3ec     game.obj
 0002:000003f4       $SG23497                   000000018000d3f4     game.obj
 0002:000003f8       $SG110609                  000000018000d3f8     game.obj
 0002:0000040c       $SG22466                   000000018000d40c     game.obj
 0002:00000414       $SG23506                   000000018000d414     game.obj
 0002:00000418       $SG111193                  000000018000d418     game.obj
 0002:00000430       $SG111210                  000000018000d430     game.obj
 0002:00000448       $SG111227                  000000018000d448     game.obj
 0002:00000460       $SG111266                  000000018000d460     game.obj
 0002:00000478       $SG111296                  000000018000d478     game.obj
 0002:00000490       $SG111330                  000000018000d490     game.obj
 0002:000004a8       $SG111351                  000000018000d4a8     game.obj
 0002:000004c0       $SG111376                  000000018000d4c0     game.obj
 0002:000004d8       $SG111392                  000000018000d4d8     game.obj
 0002:00000508       $SG111393                  000000018000d508     game.obj
 0002:00000518       $SG111394                  000000018000d518     game.obj
 0002:00000544       $SG23515                   000000018000d544     game.obj
 0002:00000548       $SG111395                  000000018000d548     game.obj
 0002:00000578       $SG111407                  000000018000d578     game.obj
 0002:00000590       $SG111424                  000000018000d590     game.obj
 0002:000005a8       $SG111462                  000000018000d5a8     game.obj
 0002:000005c0       $SG111492                  000000018000d5c0     game.obj
 0002:000005d8       $SG111509                  000000018000d5d8     game.obj
 0002:000005f0       $SG111534                  000000018000d5f0     game.obj
 0002:00000608       $SG111551                  000000018000d608     game.obj
 0002:00000620       $SG111572                  000000018000d620     game.obj
 0002:00000638       $SG111589                  000000018000d638     game.obj
 0002:00000650       $SG111600                  000000018000d650     game.obj
 0002:00000680       $SG111601                  000000018000d680     game.obj
 0002:00000690       $SG111602                  000000018000d690     game.obj
 0002:000006bc       $SG23533                   000000018000d6bc     game.obj
 0002:000006c0       $SG111603                  000000018000d6c0     game.obj
 0002:000006d4       $SG23542                   000000018000d6d4     game.obj
 0002:000006d8       $SG111616                  000000018000d6d8     game.obj
 0002:000006f0       $SG111633                  000000018000d6f0     game.obj
 0002:00000708       $SG22213                   000000018000d708     game.obj
 0002:00000714       $SG23551                   000000018000d714     game.obj
 0002:00000718       $SG22321                   000000018000d718     game.obj
 0002:00000728       $SG22361                   000000018000d728     game.obj
 0002:00000738       $SG22438                   000000018000d738     game.obj
 0002:00000750       $SG22360                   000000018000d750     game.obj
 0002:00000828       $SG22362                   000000018000d828     game.obj
 0002:00000858       $SG22363                   000000018000d858     game.obj
 0002:00000888       $SG22436                   000000018000d888     game.obj
 0002:00000894       $SG22468                   000000018000d894     game.obj
 0002:000008a0       $SG22435                   000000018000d8a0     game.obj
 0002:00000908       $SG22437                   000000018000d908     game.obj
 0002:00000938       $SG22467                   000000018000d938     game.obj
 0002:00000940       $SG22469                   000000018000d940     game.obj
 0002:0000094c       $SG22470                   000000018000d94c     game.obj
 0002:00000958       $SG22472                   000000018000d958     game.obj
 0002:00000968       $SG22491                   000000018000d968     game.obj
 0002:000009a0       $SG22492                   000000018000d9a0     game.obj
 0002:000009b0       $SG22493                   000000018000d9b0     game.obj
 0002:000009e0       $SG22494                   000000018000d9e0     game.obj
 0002:00000a18       $SG22507                   000000018000da18     game.obj
 0002:00000a20       $SG22508                   000000018000da20     game.obj
 0002:00000a28       $SG22562                   000000018000da28     game.obj
 0002:00000a48       $SG22627                   000000018000da48     game.obj
 0002:00000a58       $SG22639                   000000018000da58     game.obj
 0002:00000a90       $SG22563                   000000018000da90     game.obj
 0002:00000ad8       $SG22631                   000000018000dad8     game.obj
 0002:00000b18       $SG22632                   000000018000db18     game.obj
 0002:00000b28       $SG22633                   000000018000db28     game.obj
 0002:00000b58       $SG22636                   000000018000db58     game.obj
 0002:00000b68       $SG22761                   000000018000db68     game.obj
 0002:00000b78       $SG22847                   000000018000db78     game.obj
 0002:00000b90       $SG22634                   000000018000db90     game.obj
 0002:00000bd8       $SG22637                   000000018000dbd8     game.obj
 0002:00000be8       $SG22638                   000000018000dbe8     game.obj
 0002:00000c18       $SG22697                   000000018000dc18     game.obj
 0002:00000c38       $SG22823                   000000018000dc38     game.obj
 0002:00000c48       $SG23080                   000000018000dc48     game.obj
 0002:00000c70       $SG22698                   000000018000dc70     game.obj
 0002:00000cb8       $SG23081                   000000018000dcb8     game.obj
 0002:00000cc8       $SG23082                   000000018000dcc8     game.obj
 0002:00000cf8       $SG23083                   000000018000dcf8     game.obj
 0002:00000d18       $SG23156                   000000018000dd18     game.obj
 0002:00000d30       $SG23157                   000000018000dd30     game.obj
 0002:00000d40       $SG23158                   000000018000dd40     game.obj
 0002:00000d70       $SG23159                   000000018000dd70     game.obj
 0002:00000da0       $SG23160                   000000018000dda0     game.obj
 0002:00000db8       $SG23161                   000000018000ddb8     game.obj
 0002:00000dc8       $SG23162                   000000018000ddc8     game.obj
 0002:00000df8       $SG23163                   000000018000ddf8     game.obj
 0002:00000e18       $SG23327                   000000018000de18     game.obj
 0002:00000e30       $SG23328                   000000018000de30     game.obj
 0002:00000e48       $SG23329                   000000018000de48     game.obj
 0002:00000e78       $SG23330                   000000018000de78     game.obj
 0002:00000e98       $SG23434                   000000018000de98     game.obj
 0002:00000eb0       $SG23433                   000000018000deb0     game.obj
 0002:00000f08       $SG23435                   000000018000df08     game.obj
 0002:00000f38       $SG23436                   000000018000df38     game.obj
 0002:00000f50       $SG23460                   000000018000df50     game.obj
 0002:00000f88       $SG23461                   000000018000df88     game.obj
 0002:00000fa0       $SG23462                   000000018000dfa0     game.obj
 0002:00000fd0       $SG23463                   000000018000dfd0     game.obj
 0002:00000ff0       $SG23482                   000000018000dff0     game.obj
 0002:00000ff8       $SG23483                   000000018000dff8     game.obj
 0002:00001000       $SG23524                   000000018000e000     game.obj
 0002:00001008       $SG23560                   000000018000e008     game.obj
 0002:00001010       $SG23569                   000000018000e010     game.obj
 0002:00001018       $SG23578                   000000018000e018     game.obj
 0002:00001020       $SG23586                   000000018000e020     game.obj
 0002:00001028       $SG23612                   000000018000e028     game.obj
 0002:00001048       $SG23613                   000000018000e048     game.obj
 0002:00001060       $SG23614                   000000018000e060     game.obj
 0002:00001090       $SG23615                   000000018000e090     game.obj
 0002:000010b8       $SG23621                   000000018000e0b8     game.obj
 0002:000010d8       $SG23622                   000000018000e0d8     game.obj
 0002:000010f0       $SG23623                   000000018000e0f0     game.obj
 0002:00001120       $SG23624                   000000018000e120     game.obj
 0002:00001140       $SG23752                   000000018000e140     game.obj
 0002:00001188       $SG23753                   000000018000e188     game.obj
 0002:000011a0       $SG23754                   000000018000e1a0     game.obj
 0002:000011d0       $SG23755                   000000018000e1d0     game.obj
 0002:000011e0       $SG23775                   000000018000e1e0     game.obj
 0002:00001208       $SG23776                   000000018000e208     game.obj
 0002:00001220       $SG23777                   000000018000e220     game.obj
 0002:00001250       $SG23778                   000000018000e250     game.obj
 0002:00001260       $SG23797                   000000018000e260     game.obj
 0002:00001268       $SG23799                   000000018000e268     game.obj
 0002:00001478       GS_ExceptionPointers       000000018000e478     MSVCRT:gs_report.obj
 0002:00001a48       $unwind$??$accumulate_into_buffer@HMHM@@YAXPEBDHMHM@Z 000000018000ea48     game.obj
 0002:00001a48       $unwind$??$printsl@HMHM@@YAXPEBDHMHM@Z 000000018000ea48     game.obj
 0002:00001a48       $unwind$_vfprintf_l        000000018000ea48     game.obj
 0002:00001a48       $unwind$snprintf           000000018000ea48     game.obj
 0002:00001a50       $unwind$printf             000000018000ea50     game.obj
 0002:00001a50       $unwind$vsnprintf          000000018000ea50     game.obj
 0002:00001a58       $unwind$?atan@@YAMM@Z      000000018000ea58     game.obj
 0002:00001a58       $unwind$?cos_turns@@YAMM@Z 000000018000ea58     game.obj
 0002:00001a58       $unwind$?sin@@YAMM@Z       000000018000ea58     game.obj
 0002:00001a58       $unwind$?sin_turns@@YAMM@Z 000000018000ea58     game.obj
 0002:00001a58       $unwind$?tan@@YAMM@Z       000000018000ea58     game.obj
 0002:00001a60       $unwind$?u64_to_char_ptr@@YAH_KPEAD@Z 000000018000ea60     game.obj
 0002:00001a70       $unwind$?s64_to_char_ptr@@YAH_JPEAD@Z 000000018000ea70     game.obj
 0002:00001a78       $unwind$?s32_to_char_ptr@@YAHHPEAD@Z 000000018000ea78     game.obj
 0002:00001a80       $unwind$?u32_to_char_ptr@@YAHIPEAD@Z 000000018000ea80     game.obj
 0002:00001a88       $unwind$?u16_to_char_ptr@@YAHGPEAD@Z 000000018000ea88     game.obj
 0002:00001a90       $unwind$?u8_to_char_ptr@@YAHEPEAD@Z 000000018000ea90     game.obj
 0002:00001a98       $unwind$?s16_to_char_ptr@@YAHFPEAD@Z 000000018000ea98     game.obj
 0002:00001aa0       $unwind$?s8_to_char_ptr@@YAHCPEAD@Z 000000018000eaa0     game.obj
 0002:00001aa8       $unwind$?printsl_custom@@YAXUbivec@@@Z 000000018000eaa8     game.obj
 0002:00001ab0       $unwind$?printsl_custom@@YAXUtrivec@@@Z 000000018000eab0     game.obj
 0002:00001ab8       $unwind$?vec3_wedge@@YA?AUbivec@@Uvec3@@0@Z 000000018000eab8     game.obj
 0002:00001acc       $unwind$?bivec_dual@@YA?AUvec3@@Ubivec@@@Z 000000018000eacc     game.obj
 0002:00001ad8       $unwind$?bivec_dual@@YA?AUbivec@@Uvec3@@@Z 000000018000ead8     game.obj
 0002:00001aec       $unwind$?printsl_custom@@YAXUrotor@@@Z 000000018000eaec     game.obj
 0002:00001af4       $unwind$?rotor_from_to@@YA?AUrotor@@Uvec3@@0@Z 000000018000eaf4     game.obj
 0002:00001b08       $unwind$?rotor_from_axis_angle@@YA?AUrotor@@Uvec3@@M@Z 000000018000eb08     game.obj
 0002:00001b1c       $unwind$?rotor_from_turns@@YA?AUrotor@@Ubivec@@@Z 000000018000eb1c     game.obj
 0002:00001b30       $unwind$?rotor_combine@@YA?AUrotor@@U1@0@Z 000000018000eb30     game.obj
 0002:00001b44       $unwind$?rotor_reverse@@YA?AUrotor@@U1@@Z 000000018000eb44     game.obj
 0002:00001b58       $unwind$?vec3_rotate@@YA?AUvec3@@U1@Urotor@@@Z 000000018000eb58     game.obj
 0002:00001b64       $unwind$?make_matrix_from_rotor@@YA?AUmat4@@Urotor@@@Z 000000018000eb64     game.obj
 0002:00001b70       $unwind$?to_string@@YAPEBDW4AllocOp@@@Z 000000018000eb70     game.obj
 0002:00001b78       $unwind$?printsl_custom@@YAXW4AllocOp@@@Z 000000018000eb78     game.obj
 0002:00001b80       $unwind$?printsl_custom@@YAXUBump@@@Z 000000018000eb80     game.obj
 0002:00001b88       $unwind$?bump_reset@@YAXPEAUBump@@@Z 000000018000eb88     game.obj
 0002:00001b94       $unwind$?bump_handle@@YAPEAXW4AllocOp@@PEAXHH1@Z 000000018000eb94     game.obj
 0002:00001ba0       $unwind$?make_bump_allocator@@YA?AUBump@@PEAXH@Z 000000018000eba0     game.obj
 0002:00001bb4       $unwind$?make_bump_allocator@@YA?AUBump@@H@Z 000000018000ebb4     game.obj
 0002:00001bc8       $unwind$?mem_free_all@@YAXPEAUBump@@@Z 000000018000ebc8     game.obj
 0002:00001bd0       $unwind$?mem_alloc@@YAPEAXPEAUBump@@H@Z 000000018000ebd0     game.obj
 0002:00001bd8       $unwind$?printsl_custom@@YAXUArena@@@Z 000000018000ebd8     game.obj
 0002:00001be0       $unwind$?arena_get_header_before_data@@YAPEAUArenaHeader@@PEAX@Z 000000018000ebe0     game.obj
 0002:00001be8       $unwind$?arena_prepare_new_memory_block@@YAPEAXPEAUArena@@HPEAUArenaHeader@@@Z 000000018000ebe8     game.obj
 0002:00001bf0       $unwind$?arena_handle@@YAPEAXW4AllocOp@@PEAXHH1@Z 000000018000ebf0     game.obj
 0002:00001bf8       $unwind$?make_arena_allocator@@YA?AUArena@@H@Z 000000018000ebf8     game.obj
 0002:00001c0c       $unwind$?mem_free_all@@YAXPEAUArena@@@Z 000000018000ec0c     game.obj
 0002:00001c14       $unwind$?mem_alloc@@YAPEAXPEAUArena@@H@Z 000000018000ec14     game.obj
 0002:00001c1c       $unwind$?mem_realloc@@YAPEAXPEAUArena@@PEAXH@Z 000000018000ec1c     game.obj
 0002:00001c24       $unwind$?mem_realloc@@YAPEAXPEAUArena@@PEAXHH@Z 000000018000ec24     game.obj
 0002:00001c2c       $unwind$?printsl_custom@@YAXUAllocator@@@Z 000000018000ec2c     game.obj
 0002:00001c34       $unwind$?make_allocator@@YA?AUAllocator@@PEAUBump@@@Z 000000018000ec34     game.obj
[...]
 0002:00002055       $stateUnwindMap$?get_only_files_in_dir@@YA_NUstr@@PEAU?$Array@Ustr@@@@@Z 000000018000f055     game.obj
 0002:00002065       $ip2state$?get_only_files_in_dir@@YA_NUstr@@PEAU?$Array@Ustr@@@@@Z 000000018000f065     game.obj
 0002:0000208d       $cppxdata$??1?$ScopeExit@V<lambda_1>@?1??get_only_files_in_dir@@YA_NUstr@@PEAU?$Array@Ustr@@@@@Z@@@QEAA@XZ 000000018000f08d     game.obj
 0002:00002092       $cppxdata$??1?$ScopeExit@V<lambda_2>@?1??get_only_files_in_dir@@YA_NUstr@@PEAU?$Array@Ustr@@@@@Z@@@QEAA@XZ 000000018000f092     game.obj
 0002:00002097       $cppxdata$??1?$ScopeExit@V<lambda_3>@?1??get_only_files_in_dir@@YA_NUstr@@PEAU?$Array@Ustr@@@@@Z@@@QEAA@XZ 000000018000f097     game.obj
 0002:0000209c       $unwind$?dtor$0@?0??get_only_files_in_dir@@YA_NUstr@@PEAU?$Array@Ustr@@@@@Z@4HA 000000018000f09c     game.obj
 0002:000020a4       $unwind$?dtor$1@?0??get_only_files_in_dir@@YA_NUstr@@PEAU?$Array@Ustr@@@@@Z@4HA 000000018000f0a4     game.obj
 0002:000020ac       $unwind$?dtor$2@?0??get_only_files_in_dir@@YA_NUstr@@PEAU?$Array@Ustr@@@@@Z@4HA 000000018000f0ac     game.obj
 0002:000020b4       $unwind$??R<lambda_1>@?1??get_only_files_in_dir@@YA_NUstr@@PEAU?$Array@Ustr@@@@@Z@QEBA@XZ 000000018000f0b4     game.obj
 0002:000020bc       $unwind$??1?$ScopeExit@V<lambda_1>@?1??get_only_files_in_dir@@YA_NUstr@@PEAU?$Array@Ustr@@@@@Z@@@QEAA@XZ 000000018000f0bc     game.obj
 0002:000020cc       $ip2state$??1?$ScopeExit@V<lambda_1>@?1??get_only_files_in_dir@@YA_NUstr@@PEAU?$Array@Ustr@@@@@Z@@@QEAA@XZ 000000018000f0cc     game.obj
 0002:000020cf       $cppxdata$?get_only_folders_in_dir@@YA_NUstr@@PEAU?$Array@Ustr@@@@@Z 000000018000f0cf     game.obj
 0002:000020d8       $unwind$??R<lambda_2>@?1??get_only_files_in_dir@@YA_NUstr@@PEAU?$Array@Ustr@@@@@Z@QEBA@XZ 000000018000f0d8     game.obj
 0002:000020e0       $unwind$??1?$ScopeExit@V<lambda_2>@?1??get_only_files_in_dir@@YA_NUstr@@PEAU?$Array@Ustr@@@@@Z@@@QEAA@XZ 000000018000f0e0     game.obj
 0002:000020f0       $ip2state$??1?$ScopeExit@V<lambda_2>@?1??get_only_files_in_dir@@YA_NUstr@@PEAU?$Array@Ustr@@@@@Z@@@QEAA@XZ 000000018000f0f0     game.obj
 0002:000020f3       $cppxdata$??1?$ScopeExit@V<lambda_1>@?1??get_only_folders_in_dir@@YA_NUstr@@PEAU?$Array@Ustr@@@@@Z@@@QEAA@XZ 000000018000f0f3     game.obj
 0002:000020f8       $unwind$??R<lambda_3>@?1??get_only_files_in_dir@@YA_NUstr@@PEAU?$Array@Ustr@@@@@Z@QEBA@XZ 000000018000f0f8     game.obj
 0002:00002100       $unwind$??1?$ScopeExit@V<lambda_3>@?1??get_only_files_in_dir@@YA_NUstr@@PEAU?$Array@Ustr@@@@@Z@@@QEAA@XZ 000000018000f100     game.obj
 0002:00002110       $ip2state$??1?$ScopeExit@V<lambda_3>@?1??get_only_files_in_dir@@YA_NUstr@@PEAU?$Array@Ustr@@@@@Z@@@QEAA@XZ 000000018000f110     game.obj
 0002:00002113       $cppxdata$??1?$ScopeExit@V<lambda_2>@?1??get_only_folders_in_dir@@YA_NUstr@@PEAU?$Array@Ustr@@@@@Z@@@QEAA@XZ 000000018000f113     game.obj
 0002:00002118       $unwind$?get_only_folders_in_dir@@YA_NUstr@@PEAU?$Array@Ustr@@@@@Z 000000018000f118     game.obj
 0002:00002130       $stateUnwindMap$?get_only_folders_in_dir@@YA_NUstr@@PEAU?$Array@Ustr@@@@@Z 000000018000f130     game.obj
 0002:00002140       $ip2state$?get_only_folders_in_dir@@YA_NUstr@@PEAU?$Array@Ustr@@@@@Z 000000018000f140     game.obj
 0002:00002168       $unwind$?dtor$0@?0??get_only_folders_in_dir@@YA_NUstr@@PEAU?$Array@Ustr@@@@@Z@4HA 000000018000f168     game.obj
 0002:00002170       $unwind$?dtor$1@?0??get_only_folders_in_dir@@YA_NUstr@@PEAU?$Array@Ustr@@@@@Z@4HA 000000018000f170     game.obj
 0002:00002178       $unwind$?dtor$2@?0??get_only_folders_in_dir@@YA_NUstr@@PEAU?$Array@Ustr@@@@@Z@4HA 000000018000f178     game.obj
 0002:00002180       $unwind$??R<lambda_1>@?1??get_only_folders_in_dir@@YA_NUstr@@PEAU?$Array@Ustr@@@@@Z@QEBA@XZ 000000018000f180     game.obj
 0002:00002188       $unwind$??1?$ScopeExit@V<lambda_1>@?1??get_only_folders_in_dir@@YA_NUstr@@PEAU?$Array@Ustr@@@@@Z@@@QEAA@XZ 000000018000f188     game.obj
 0002:00002198       $ip2state$??1?$ScopeExit@V<lambda_1>@?1??get_only_folders_in_dir@@YA_NUstr@@PEAU?$Array@Ustr@@@@@Z@@@QEAA@XZ 000000018000f198     game.obj
 0002:0000219b       $cppxdata$??1?$ScopeExit@V<lambda_3>@?1??get_only_folders_in_dir@@YA_NUstr@@PEAU?$Array@Ustr@@@@@Z@@@QEAA@XZ 000000018000f19b     game.obj
 0002:000021a0       $unwind$??R<lambda_2>@?1??get_only_folders_in_dir@@YA_NUstr@@PEAU?$Array@Ustr@@@@@Z@QEBA@XZ 000000018000f1a0     game.obj
 0002:000021a8       $unwind$??1?$ScopeExit@V<lambda_2>@?1??get_only_folders_in_dir@@YA_NUstr@@PEAU?$Array@Ustr@@@@@Z@@@QEAA@XZ 000000018000f1a8     game.obj
 0002:000021b8       $ip2state$??1?$ScopeExit@V<lambda_2>@?1??get_only_folders_in_dir@@YA_NUstr@@PEAU?$Array@Ustr@@@@@Z@@@QEAA@XZ 000000018000f1b8     game.obj
 0002:000021bc       $unwind$??R<lambda_3>@?1??get_only_folders_in_dir@@YA_NUstr@@PEAU?$Array@Ustr@@@@@Z@QEBA@XZ 000000018000f1bc     game.obj
 0002:000021c4       $unwind$??1?$ScopeExit@V<lambda_3>@?1??get_only_folders_in_dir@@YA_NUstr@@PEAU?$Array@Ustr@@@@@Z@@@QEAA@XZ 000000018000f1c4     game.obj
 0002:000021d4       $ip2state$??1?$ScopeExit@V<lambda_3>@?1??get_only_folders_in_dir@@YA_NUstr@@PEAU?$Array@Ustr@@@@@Z@@@QEAA@XZ 000000018000f1d4     game.obj
 0002:000021d8       $unwind$?get_drive_names@@YA_NPEAU?$Array@Ustr@@@@@Z 000000018000f1d8     game.obj
 0002:000021ec       $unwind$?draw_quad@@YAXPEAIUvec2@@1I@Z 000000018000f1ec     game.obj
 0002:000021f4       $unwind$?swap@@YAXAEAM0@Z  000000018000f1f4     game.obj
 0002:000021fc       $unwind$?draw_line@@YAXPEAIUvec2@@1I@Z 000000018000f1fc     game.obj
 0002:00002204       $unwind$?init_game@@YAXXZ  000000018000f204     game.obj
 0002:00002210       $unwind$?get_texure_pixel@@YAIPEAUTexture@@II@Z 000000018000f210     game.obj
 0002:00002218       $unwind$game_update_and_render 000000018000f218     game.obj
 0002:00002220       $unwind$?flush_to_stdout@@YAXXZ 000000018000f220     game.obj
 0002:00002228       $unwind$?count_digits@@YAE_K@Z 000000018000f228     game.obj
 0002:00002228       $unwind$?printsl_custom@@YAXPEBD@Z 000000018000f228     game.obj
 0002:00002230       $unwind$?printsl_custom@@YAXH@Z 000000018000f230     game.obj
 0002:00002238       $unwind$?__sqrt@@YAMM@Z    000000018000f238     game.obj
 0002:00002238       $unwind$?printsl_custom@@YAXM@Z 000000018000f238     game.obj
 0002:00002238       $unwind$?printsl_custom@@YAXN@Z 000000018000f238     game.obj
 0002:00002240       $unwind$??$str_parser_get@D@@YADPEAUStrParser@@@Z 000000018000f240     game.obj
 0002:00002240       $unwind$?accumulate_into_buffer@@YAXPEBD@Z 000000018000f240     game.obj
 0002:00002240       $unwind$__report_gsfailure 000000018000f240     MSVCRT:gs_report.obj
 0002:00002248       $unwind$??$print@PEBD@@YAXPEBD@Z 000000018000f248     game.obj
 0002:00002248       $unwind$??$printsl@PEBD@@YAXPEBD@Z 000000018000f248     game.obj
 0002:00002248       $unwind$??0StrBuilder@@QEAA@XZ 000000018000f248     game.obj
 0002:00002250       $unwind$??$print@PEBD$$V@@YAXPEBD0@Z 000000018000f250     game.obj
 0002:00002250       $unwind$??0str@@QEAA@PEBD@Z 000000018000f250     game.obj
 0002:00002258       $unwind$??$print@H$$V@@YAXPEBDH@Z 000000018000f258     game.obj
 0002:00002260       $unwind$?_sin_internal@@YAMM@Z 000000018000f260     game.obj
 0002:00002268       $unwind$?printsl_custom@@YAXUvec3@@@Z 000000018000f268     game.obj
 0002:00002270       $unwind$??$printsl@PEBDPEBD@@YAXPEBD00@Z 000000018000f270     game.obj
 0002:00002270       $unwind$??H@YA?AUvec3@@U0@0@Z 000000018000f270     game.obj
 0002:00002278       $unwind$?vec3_length@@YAMUvec3@@@Z 000000018000f278     game.obj
 0002:00002284       $unwind$?vec3_normalize@@YA?AUvec3@@U1@0M@Z 000000018000f284     game.obj
 0002:00002290       $unwind$??$accumulate_into_buffer@PEBD$$V@@YAXPEBD0@Z 000000018000f290     game.obj
 0002:00002290       $unwind$?col_denormalize@@YA?AUcol@@U1@@Z 000000018000f290     game.obj
 0002:00002290       $unwind$?col_normalize@@YA?AUcol@@U1@@Z 000000018000f290     game.obj
 0002:00002298       $unwind$?col_rgb_to_hsv@@YA?AUcol@@U1@@Z 000000018000f298     game.obj
 0002:000022a0       $unwind$?color_hsv_to_rgb@@YA?AUcol@@U1@@Z 000000018000f2a0     game.obj
 0002:000022a8       $unwind$?color_lerp_hsv@@YA?AUcol@@U1@0M@Z 000000018000f2a8     game.obj
 0002:000022b0       $unwind$??$print@NNN@@YAXPEBDNNN@Z 000000018000f2b0     game.obj
 0002:000022b0       $unwind$??$printsl@MMM@@YAXPEBDMMM@Z 000000018000f2b0     game.obj
 0002:000022b8       $unwind$??$print@M$$V@@YAXPEBDM@Z 000000018000f2b8     game.obj
 0002:000022b8       $unwind$??$print@N$$V@@YAXPEBDN@Z 000000018000f2b8     game.obj
 0002:000022b8       $unwind$??$printsl@M$$V@@YAXPEBDM@Z 000000018000f2b8     game.obj
 0002:000022c0       $unwind$??K@YA?AUbivec@@U0@M@Z 000000018000f2c0     game.obj
 0002:000022d4       $unwind$??$accumulate_into_buffer@MMM@@YAXPEBDMMM@Z 000000018000f2d4     game.obj
 0002:000022d4       $unwind$??$accumulate_into_buffer@MMMM@@YAXPEBDMMMM@Z 000000018000f2d4     game.obj
 0002:000022d4       $unwind$??$accumulate_into_buffer@NNN@@YAXPEBDNNN@Z 000000018000f2d4     game.obj
 0002:000022d4       $unwind$??$printsl@MMMM@@YAXPEBDMMMM@Z 000000018000f2d4     game.obj
 0002:000022dc       $unwind$??$assert_func@Uvec3@@U1@@@YA_N_NPEBD1H11Uvec3@@2@Z 000000018000f2dc     game.obj
 0002:000022e8       $unwind$??$assert_func@$$V@@YA_N_NPEBD1H11@Z 000000018000f2e8     game.obj
 0002:000022e8       $unwind$??$assert_func@H@@YA_N_NPEBD1H11H@Z 000000018000f2e8     game.obj
 0002:000022e8       $unwind$??$assert_func@HH@@YA_N_NPEBD1H11HH@Z 000000018000f2e8     game.obj
 0002:000022e8       $unwind$??$assert_func@HHH@@YA_N_NPEBD1H11HHH@Z 000000018000f2e8     game.obj
 0002:000022e8       $unwind$??$assert_func@M@@YA_N_NPEBD1H11M@Z 000000018000f2e8     game.obj
 0002:000022e8       $unwind$??$print@HHH@@YAXPEBDHHH@Z 000000018000f2e8     game.obj
 0002:000022f0       $unwind$??__Etemporary_arena@@YAXXZ 000000018000f2f0     game.obj
 0002:000022f0       $unwind$__scrt_initialize_default_local_stdio_options 000000018000f2f0     MSVCRT:default_local_stdio_options.obj
 0002:000022f0       $unwind$?dllmain_crt_dispatch@@YAHQEAUHINSTANCE__@@KQEAX@Z 000000018000f2f0     MSVCRT:dll_dllmain.obj
 0002:000022f0       $unwind$DllMain            000000018000f2f0     MSVCRT:dll_dllmain_stub.obj
 0002:000022f0       $unwind$__GSHandlerCheck   000000018000f2f0     MSVCRT:gshandler.obj
 0002:000022f0       $unwind$__scrt_acquire_startup_lock 000000018000f2f0     MSVCRT:utility.obj
 0002:000022f0       $unwind$__scrt_dllmain_after_initialize_c 000000018000f2f0     MSVCRT:utility.obj
 0002:000022f0       $unwind$__scrt_dllmain_before_initialize_c 000000018000f2f0     MSVCRT:utility.obj
 0002:000022f0       $unwind$__scrt_dllmain_crt_thread_attach 000000018000f2f0     MSVCRT:utility.obj
 0002:000022f0       $unwind$__scrt_dllmain_crt_thread_detach 000000018000f2f0     MSVCRT:utility.obj
 0002:000022f0       $unwind$__scrt_dllmain_uninitialize_c 000000018000f2f0     MSVCRT:utility.obj
 0002:000022f0       $unwind$__scrt_dllmain_uninitialize_critical 000000018000f2f0     MSVCRT:utility.obj
 0002:000022f8       $unwind$??Astr@@QEAAAEAEH@Z 000000018000f2f8     game.obj
 0002:00002300       $unwind$??$?6V<lambda_1>@?1??get_only_files_in_dir@@YA_NUstr@@PEAU?$Array@Ustr@@@@@Z@@<unnamed-type-the_trick_that_lets_us_concatenate>@@QEAA?AU?$ScopeExit@V<lambda_1>@?1??get_only_files_in_dir@@YA_NUstr@@PEAU?$Array@Ustr@@@@@Z@@@V<lambda_1>@?1??get_only_files_in_dir@@YA_NUstr@@PEAU?$Array@Ustr@@@@@Z@@Z 000000018000f300     game.obj
 0002:00002300       $unwind$??$?6V<lambda_1>@?1??get_only_folders_in_dir@@YA_NUstr@@PEAU?$Array@Ustr@@@@@Z@@<unnamed-type-the_trick_that_lets_us_concatenate>@@QEAA?AU?$ScopeExit@V<lambda_1>@?1??get_only_folders_in_dir@@YA_NUstr@@PEAU?$Array@Ustr@@@@@Z@@@V<lambda_1>@?1??get_only_folders_in_dir@@YA_NUstr@@PEAU?$Array@Ustr@@@@@Z@@Z 000000018000f300     game.obj
 0002:00002300       $unwind$??$?6V<lambda_2>@?1??get_only_files_in_dir@@YA_NUstr@@PEAU?$Array@Ustr@@@@@Z@@<unnamed-type-the_trick_that_lets_us_concatenate>@@QEAA?AU?$ScopeExit@V<lambda_2>@?1??get_only_files_in_dir@@YA_NUstr@@PEAU?$Array@Ustr@@@@@Z@@@V<lambda_2>@?1??get_only_files_in_dir@@YA_NUstr@@PEAU?$Array@Ustr@@@@@Z@@Z 000000018000f300     game.obj
 0002:00002300       $unwind$??$?6V<lambda_2>@?1??get_only_folders_in_dir@@YA_NUstr@@PEAU?$Array@Ustr@@@@@Z@@<unnamed-type-the_trick_that_lets_us_concatenate>@@QEAA?AU?$ScopeExit@V<lambda_2>@?1??get_only_folders_in_dir@@YA_NUstr@@PEAU?$Array@Ustr@@@@@Z@@@V<lambda_2>@?1??get_only_folders_in_dir@@YA_NUstr@@PEAU?$Array@Ustr@@@@@Z@@Z 000000018000f300     game.obj
 0002:00002300       $unwind$??$?6V<lambda_3>@?1??get_only_files_in_dir@@YA_NUstr@@PEAU?$Array@Ustr@@@@@Z@@<unnamed-type-the_trick_that_lets_us_concatenate>@@QEAA?AU?$ScopeExit@V<lambda_3>@?1??get_only_files_in_dir@@YA_NUstr@@PEAU?$Array@Ustr@@@@@Z@@@V<lambda_3>@?1??get_only_files_in_dir@@YA_NUstr@@PEAU?$Array@Ustr@@@@@Z@@Z 000000018000f300     game.obj
 0002:00002300       $unwind$??$?6V<lambda_3>@?1??get_only_folders_in_dir@@YA_NUstr@@PEAU?$Array@Ustr@@@@@Z@@<unnamed-type-the_trick_that_lets_us_concatenate>@@QEAA?AU?$ScopeExit@V<lambda_3>@?1??get_only_folders_in_dir@@YA_NUstr@@PEAU?$Array@Ustr@@@@@Z@@@V<lambda_3>@?1??get_only_folders_in_dir@@YA_NUstr@@PEAU?$Array@Ustr@@@@@Z@@Z 000000018000f300     game.obj
 0002:00002300       $unwind$??$accumulate_into_buffer@HM@@YAXPEBDHM@Z 000000018000f300     game.obj
 0002:00002300       $unwind$??$accumulate_into_buffer@PEBDPEBD@@YAXPEBD00@Z 000000018000f300     game.obj
 0002:00002308       $unwind$??$array_append@Ustr@@@@YAXPEAU?$Array@Ustr@@@@Ustr@@@Z 000000018000f308     game.obj
 0002:00002314       $unwind$??$accumulate_into_buffer@M$$V@@YAXPEBDM@Z 000000018000f314     game.obj
 0002:00002314       $unwind$??$accumulate_into_buffer@N$$V@@YAXPEBDN@Z 000000018000f314     game.obj
 0002:0000231c       $unwind$??$print@Uvec3@@U1@@@YAXPEBDUvec3@@1@Z 000000018000f31c     game.obj
 0002:00002328       $unwind$??$print@HH@@YAXPEBDHH@Z 000000018000f328     game.obj
 0002:00002330       $unwind$??$array_reserve@Ustr@@@@YAXPEAU?$Array@Ustr@@@@H@Z 000000018000f330     game.obj
 0002:00002338       $unwind$??$accumulate_into_buffer@H$$V@@YAXPEBDH@Z 000000018000f338     game.obj
 0002:00002340       $unwind$??$accumulate_into_buffer@MM@@YAXPEBDMM@Z 000000018000f340     game.obj
 0002:00002340       $unwind$??$accumulate_into_buffer@NN@@YAXPEBDNN@Z 000000018000f340     game.obj
 0002:00002348       $unwind$??$accumulate_into_buffer@Uvec3@@U1@@@YAXPEBDUvec3@@1@Z 000000018000f348     game.obj
 0002:00002354       $unwind$??$accumulate_into_buffer@HHH@@YAXPEBDHHH@Z 000000018000f354     game.obj
 0002:0000235c       $unwind$??$accumulate_into_buffer@MHM@@YAXPEBDMHM@Z 000000018000f35c     game.obj
 0002:00002364       $unwind$??$accumulate_into_buffer@HH@@YAXPEBDHH@Z 000000018000f364     game.obj
 0002:0000236c       $unwind$??$array_resize@Ustr@@@@YAXPEAU?$Array@Ustr@@@@H@Z 000000018000f36c     game.obj
 0002:00002378       $unwind$??$accumulate_into_buffer@Uvec3@@$$V@@YAXPEBDUvec3@@@Z 000000018000f378     game.obj
 0002:00002384       $unwind$__GSHandlerCheckCommon 000000018000f384     MSVCRT:gshandler.obj
 0002:0000238c       $unwind$__GSHandlerCheck_EH4 000000018000f38c     MSVCRT:gshandlereh4.obj
 0002:000023a8       $xdatasym                  000000018000f3a8     MSVCRT:amdsecgs.obj
 0002:000023ac       $unwind$?dllmain_crt_process_attach@@YAHQEAUHINSTANCE__@@QEAX@Z 000000018000f3ac     MSVCRT:dll_dllmain.obj
 0002:000023e8       $unwind$?fin$0@?0??dllmain_crt_process_attach@@YAHQEAUHINSTANCE__@@QEAX@Z@4HA 000000018000f3e8     MSVCRT:dll_dllmain.obj
 0002:000023e8       $unwind$?fin$0@?0??dllmain_crt_process_detach@@YAH_N@Z@4HA 000000018000f3e8     MSVCRT:dll_dllmain.obj
 0002:000023e8       $unwind$?fin$1@?0??dllmain_crt_process_detach@@YAH_N@Z@4HA 000000018000f3e8     MSVCRT:dll_dllmain.obj
 0002:000023f0       $unwind$?dllmain_crt_process_detach@@YAH_N@Z 000000018000f3f0     MSVCRT:dll_dllmain.obj
 0002:00002444       $unwind$?dllmain_dispatch@@YAHQEAUHINSTANCE__@@KQEAX@Z 000000018000f444     MSVCRT:dll_dllmain.obj
 0002:0000246c       $unwind$?filt$0@?0??dllmain_dispatch@@YAHQEAUHINSTANCE__@@KQEAX@Z@4HA 000000018000f46c     MSVCRT:dll_dllmain.obj
 0002:00002474       $unwind$_DllMainCRTStartup 000000018000f474     MSVCRT:dll_dllmain.obj
 0002:00002484       $unwind$capture_previous_context 000000018000f484     MSVCRT:gs_report.obj
 0002:00002490       $unwind$__raise_securityfailure 000000018000f490     MSVCRT:gs_report.obj
 0002:00002490       $unwind$__scrt_initialize_crt 000000018000f490     MSVCRT:utility.obj
 0002:00002490       $unwind$__scrt_initialize_onexit_tables 000000018000f490     MSVCRT:utility.obj
 0002:00002490       $unwind$__scrt_release_startup_lock 000000018000f490     MSVCRT:utility.obj
 0002:00002490       $unwind$__scrt_uninitialize_crt 000000018000f490     MSVCRT:utility.obj
 0002:00002498       $unwind$__security_init_cookie 000000018000f498     MSVCRT:gs_support.obj
 0002:000024a4       $unwind$__scrt_is_nonwritable_in_current_image 000000018000f4a4     MSVCRT:utility.obj
 0002:000024c4       $unwind$__scrt_is_nonwritable_in_current_image$filt$0 000000018000f4c4     MSVCRT:utility.obj
 0002:000024cc       $unwind$__scrt_dllmain_exception_filter 000000018000f4cc     MSVCRT:utility.obj
 0002:000024e0       $unwind$__scrt_fastfail    000000018000f4e0     MSVCRT:utility_desktop.obj
 0002:000024f0       $unwind$_RTC_Initialize    000000018000f4f0     MSVCRT:initsect.obj
 0002:000024f0       $unwind$_RTC_Terminate     000000018000f4f0     MSVCRT:initsect.obj
 0002:000024fc       $unwind$__isa_available_init 000000018000f4fc     MSVCRT:cpu_disp.obj
 0002:00002510       $xdatasym                  000000018000f510     MSVCRT:guard_dispatch.obj
 0002:00002518       $xdatasym                  000000018000f518     MSVCRT:guard_xfg_dispatch.obj
 0002:00002520       .edata                     000000018000f520     game.exp
 0002:00002548       rgpv                       000000018000f548     game.exp
 0002:0000254c       rgszName                   000000018000f54c     game.exp
 0002:00002550       rgwOrd                     000000018000f550     game.exp
 0002:00002552       szName                     000000018000f552     game.exp
 0002:0000255b       $N00001                    000000018000f55b     game.exp
 0002:00002a10       .idata$6                   000000018000fa10     kernel32:KERNEL32.dll
 0002:00002a80       .idata$6                   000000018000fa80     vcruntime:VCRUNTIME140.dll
 0002:00002a92       .idata$6                   000000018000fa92     vcruntime:VCRUNTIME140_1.dll
 0002:00002bf4       .idata$6                   000000018000fbf4     ucrt:api-ms-win-crt-math-l1-1-0.dll
 0002:00002c14       .idata$6                   000000018000fc14     ucrt:api-ms-win-crt-heap-l1-1-0.dll
 0002:00002c34       .idata$6                   000000018000fc34     ucrt:api-ms-win-crt-runtime-l1-1-0.dll
 0002:00002c56       .idata$6                   000000018000fc56     ucrt:api-ms-win-crt-stdio-l1-1-0.dll
 0003:00020200       ?the_trick_that_lets_us_concatenate@@3U<unnamed-type-the_trick_that_lets_us_concatenate>@@A 0000000180030200     game.obj
 0003:00020210       ?__proc_attached@@3HA      0000000180030210     MSVCRT:dll_dllmain.obj
 0003:00020220       GS_ExceptionRecord         0000000180030220     MSVCRT:gs_report.obj
 0003:000202c0       GS_ContextRecord           00000001800302c0     MSVCRT:gs_report.obj
 0003:000207b8       ?is_initialized_as_dll@@3_NA 00000001800307b8     MSVCRT:utility.obj
 0003:000207b9       ?module_local_atexit_table_initialized@@3_NA 00000001800307b9     MSVCRT:utility.obj
 0003:000207c0       ?module_local_atexit_table@@3U_onexit_table_t@@A 00000001800307c0     MSVCRT:utility.obj
 0003:000207d8       ?module_local_at_quick_exit_table@@3U_onexit_table_t@@A 00000001800307d8     MSVCRT:utility.obj
